Component: ARM Compiler 5.06 update 7 (build 960) Tool: armlink [4d3601]

==============================================================================

Section Cross References

    startup_stm32f103xb.o(STACK) refers (Special) to heapauxi.o(.text) for __use_two_region_memory
    startup_stm32f103xb.o(HEAP) refers (Special) to heapauxi.o(.text) for __use_two_region_memory
    startup_stm32f103xb.o(RESET) refers (Special) to heapauxi.o(.text) for __use_two_region_memory
    startup_stm32f103xb.o(RESET) refers to startup_stm32f103xb.o(STACK) for __initial_sp
    startup_stm32f103xb.o(RESET) refers to startup_stm32f103xb.o(.text) for Reset_Handler
    startup_stm32f103xb.o(RESET) refers to stm32f1xx_it.o(i.NMI_Handler) for NMI_Handler
    startup_stm32f103xb.o(RESET) refers to stm32f1xx_it.o(i.HardFault_Handler) for HardFault_Handler
    startup_stm32f103xb.o(RESET) refers to stm32f1xx_it.o(i.MemManage_Handler) for MemManage_Handler
    startup_stm32f103xb.o(RESET) refers to stm32f1xx_it.o(i.BusFault_Handler) for BusFault_Handler
    startup_stm32f103xb.o(RESET) refers to stm32f1xx_it.o(i.UsageFault_Handler) for UsageFault_Handler
    startup_stm32f103xb.o(RESET) refers to stm32f1xx_it.o(i.SVC_Handler) for SVC_Handler
    startup_stm32f103xb.o(RESET) refers to stm32f1xx_it.o(i.DebugMon_Handler) for DebugMon_Handler
    startup_stm32f103xb.o(RESET) refers to stm32f1xx_it.o(i.PendSV_Handler) for PendSV_Handler
    startup_stm32f103xb.o(RESET) refers to stm32f1xx_it.o(i.SysTick_Handler) for SysTick_Handler
    startup_stm32f103xb.o(RESET) refers to stm32f1xx_it.o(i.DMA1_Channel7_IRQHandler) for DMA1_Channel7_IRQHandler
    startup_stm32f103xb.o(RESET) refers to stm32f1xx_it.o(i.TIM1_UP_IRQHandler) for TIM1_UP_IRQHandler
    startup_stm32f103xb.o(RESET) refers to stm32f1xx_it.o(i.TIM1_CC_IRQHandler) for TIM1_CC_IRQHandler
    startup_stm32f103xb.o(RESET) refers to stm32f1xx_it.o(i.TIM2_IRQHandler) for TIM2_IRQHandler
    startup_stm32f103xb.o(RESET) refers to stm32f1xx_it.o(i.TIM3_IRQHandler) for TIM3_IRQHandler
    startup_stm32f103xb.o(.text) refers (Special) to heapauxi.o(.text) for __use_two_region_memory
    startup_stm32f103xb.o(.text) refers to system_stm32f1xx.o(i.SystemInit) for SystemInit
    startup_stm32f103xb.o(.text) refers to __main.o(!!!main) for __main
    startup_stm32f103xb.o(.text) refers to startup_stm32f103xb.o(HEAP) for Heap_Mem
    startup_stm32f103xb.o(.text) refers to startup_stm32f103xb.o(STACK) for Stack_Mem
    main.o(i.HAL_TIM_IC_CaptureCallback) refers to stm32f1xx_hal_tim.o(i.HAL_TIM_ReadCapturedValue) for HAL_TIM_ReadCapturedValue
    main.o(i.HAL_TIM_IC_CaptureCallback) refers to dflt_clz.o(x$fpl$dfltu) for __aeabi_ui2d
    main.o(i.HAL_TIM_IC_CaptureCallback) refers to dmul.o(x$fpl$dmul) for __aeabi_dmul
    main.o(i.HAL_TIM_IC_CaptureCallback) refers to d2f.o(x$fpl$d2f) for __aeabi_d2f
    main.o(i.HAL_TIM_IC_CaptureCallback) refers to roundf.o(i.roundf) for roundf
    main.o(i.HAL_TIM_IC_CaptureCallback) refers to fdiv.o(x$fpl$fdiv) for __aeabi_fdiv
    main.o(i.HAL_TIM_IC_CaptureCallback) refers to faddsub_clz.o(x$fpl$fadd) for __aeabi_fadd
    main.o(i.HAL_TIM_IC_CaptureCallback) refers to faddsub_clz.o(x$fpl$fsub) for __aeabi_fsub
    main.o(i.HAL_TIM_IC_CaptureCallback) refers to main.o(.data) for .data
    main.o(i.HAL_TIM_IC_CaptureCallback) refers to main.o(.bss) for .bss
    main.o(i.HAL_TIM_PeriodElapsedCallback) refers to encoder.o(i.Encoder_processing_ver1) for Encoder_processing_ver1
    main.o(i.HAL_TIM_PeriodElapsedCallback) refers to pid.o(i.PID_R_control) for PID_R_control
    main.o(i.HAL_TIM_PeriodElapsedCallback) refers to pid.o(i.PID_L_control) for PID_L_control
    main.o(i.HAL_TIM_PeriodElapsedCallback) refers to pwm.o(i.PIDtoPWM_R_ver1) for PIDtoPWM_R_ver1
    main.o(i.HAL_TIM_PeriodElapsedCallback) refers to pwm.o(i.PIDtoPWM_L_ver1) for PIDtoPWM_L_ver1
    main.o(i.HAL_TIM_PeriodElapsedCallback) refers to main.o(.bss) for .bss
    main.o(i.HAL_TIM_PeriodElapsedCallback) refers to main.o(.data) for .data
    main.o(i.MX_ADC1_Init) refers to stm32f1xx_hal_adc.o(i.HAL_ADC_Init) for HAL_ADC_Init
    main.o(i.MX_ADC1_Init) refers to stm32f1xx_hal_adc.o(i.HAL_ADC_ConfigChannel) for HAL_ADC_ConfigChannel
    main.o(i.MX_ADC1_Init) refers to main.o(.bss) for .bss
    main.o(i.MX_DMA_Init) refers to stm32f1xx_hal_dma.o(i.HAL_DMA_Init) for HAL_DMA_Init
    main.o(i.MX_DMA_Init) refers to stm32f1xx_hal_cortex.o(i.HAL_NVIC_SetPriority) for HAL_NVIC_SetPriority
    main.o(i.MX_DMA_Init) refers to stm32f1xx_hal_cortex.o(i.HAL_NVIC_EnableIRQ) for HAL_NVIC_EnableIRQ
    main.o(i.MX_DMA_Init) refers to main.o(.bss) for .bss
    main.o(i.MX_GPIO_Init) refers to stm32f1xx_hal_gpio.o(i.HAL_GPIO_WritePin) for HAL_GPIO_WritePin
    main.o(i.MX_GPIO_Init) refers to stm32f1xx_hal_gpio.o(i.HAL_GPIO_Init) for HAL_GPIO_Init
    main.o(i.MX_TIM1_Init) refers to stm32f1xx_hal_tim.o(i.HAL_TIM_IC_Init) for HAL_TIM_IC_Init
[...]
    i.TIM3_IRQHandler                        0x080027c4   Section        0  stm32f1xx_it.o(i.TIM3_IRQHandler)
    i.TIM_Base_SetConfig                     0x080027d0   Section        0  stm32f1xx_hal_tim.o(i.TIM_Base_SetConfig)
    i.TIM_CCxChannelCmd                      0x0800283c   Section        0  stm32f1xx_hal_tim.o(i.TIM_CCxChannelCmd)
    i.TIM_OC1_SetConfig                      0x08002858   Section        0  stm32f1xx_hal_tim.o(i.TIM_OC1_SetConfig)
    TIM_OC1_SetConfig                        0x08002859   Thumb Code    74  stm32f1xx_hal_tim.o(i.TIM_OC1_SetConfig)
    i.TIM_OC2_SetConfig                      0x080028a8   Section        0  stm32f1xx_hal_tim.o(i.TIM_OC2_SetConfig)
    i.TIM_OC3_SetConfig                      0x08002900   Section        0  stm32f1xx_hal_tim.o(i.TIM_OC3_SetConfig)
    TIM_OC3_SetConfig                        0x08002901   Thumb Code    82  stm32f1xx_hal_tim.o(i.TIM_OC3_SetConfig)
    i.TIM_OC4_SetConfig                      0x08002958   Section        0  stm32f1xx_hal_tim.o(i.TIM_OC4_SetConfig)
    TIM_OC4_SetConfig                        0x08002959   Thumb Code    64  stm32f1xx_hal_tim.o(i.TIM_OC4_SetConfig)
    i.TIM_TI1_SetConfig                      0x0800299c   Section        0  stm32f1xx_hal_tim.o(i.TIM_TI1_SetConfig)
    i.TIM_TI2_SetConfig                      0x080029f4   Section        0  stm32f1xx_hal_tim.o(i.TIM_TI2_SetConfig)
    TIM_TI2_SetConfig                        0x080029f5   Thumb Code    54  stm32f1xx_hal_tim.o(i.TIM_TI2_SetConfig)
    i.UART_SetConfig                         0x08002a2c   Section        0  stm32f1xx_hal_uart.o(i.UART_SetConfig)
    UART_SetConfig                           0x08002a2d   Thumb Code   178  stm32f1xx_hal_uart.o(i.UART_SetConfig)
    i.Ultrasonic_Front_Read                  0x08002ae4   Section        0  ultrasonic.o(i.Ultrasonic_Front_Read)
    i.Ultrasonic_RightBack_Read              0x08002b7c   Section        0  ultrasonic.o(i.Ultrasonic_RightBack_Read)
    i.Ultrasonic_RightFront_Read             0x08002be8   Section        0  ultrasonic.o(i.Ultrasonic_RightFront_Read)
    i.Ultrasonic_getData                     0x08002c54   Section        0  ultrasonic.o(i.Ultrasonic_getData)
    i.UsageFault_Handler                     0x08002cd8   Section        0  stm32f1xx_it.o(i.UsageFault_Handler)
    i.__ARM_fpclassify                       0x08002cda   Section        0  fpclassify.o(i.__ARM_fpclassify)
    i.__NVIC_SetPriority                     0x08002d02   Section        0  stm32f1xx_hal_cortex.o(i.__NVIC_SetPriority)
    __NVIC_SetPriority                       0x08002d03   Thumb Code    32  stm32f1xx_hal_cortex.o(i.__NVIC_SetPriority)
    i.__ieee754_rem_pio2                     0x08002d24   Section        0  rred.o(i.__ieee754_rem_pio2)
    i.__kernel_cos                           0x080030ac   Section        0  cos_i.o(i.__kernel_cos)
    i.__kernel_poly                          0x080031a8   Section        0  poly.o(i.__kernel_poly)
    i.__kernel_sin                           0x08003254   Section        0  sin_i.o(i.__kernel_sin)
    i.__mathlib_dbl_infnan                   0x08003340   Section        0  dunder.o(i.__mathlib_dbl_infnan)
    i.__mathlib_dbl_invalid                  0x08003346   Section        0  dunder.o(i.__mathlib_dbl_invalid)
    i.__mathlib_dbl_underflow                0x08003354   Section        0  dunder.o(i.__mathlib_dbl_underflow)
    i.atan                                   0x08003364   Section        0  atan.o(i.atan)
    i.cos                                    0x08003584   Section        0  cos.o(i.cos)
    i.main                                   0x08003620   Section        0  main.o(i.main)
    i.roundf                                 0x0800371c   Section        0  roundf.o(i.roundf)
    i.sample_all_ver4                        0x08003790   Section        0  takesample.o(i.sample_all_ver4)
    x$fpl$d2f                                0x08003940   Section       98  d2f.o(x$fpl$d2f)
    x$fpl$dadd                               0x080039a4   Section      336  daddsub_clz.o(x$fpl$dadd)
    _dadd1                                   0x080039b5   Thumb Code     0  daddsub_clz.o(x$fpl$dadd)
    x$fpl$dcheck1                            0x08003af4   Section       16  dcheck1.o(x$fpl$dcheck1)
    x$fpl$ddiv                               0x08003b04   Section      688  ddiv.o(x$fpl$ddiv)
    ddiv_entry                               0x08003b0b   Thumb Code     0  ddiv.o(x$fpl$ddiv)
    x$fpl$dfix                               0x08003db4   Section       94  dfix.o(x$fpl$dfix)
    x$fpl$dflt                               0x08003e12   Section       46  dflt_clz.o(x$fpl$dflt)
    x$fpl$dfltu                              0x08003e40   Section       38  dflt_clz.o(x$fpl$dfltu)
    x$fpl$dmul                               0x08003e68   Section      340  dmul.o(x$fpl$dmul)
    x$fpl$dnaninf                            0x08003fbc   Section      156  dnaninf.o(x$fpl$dnaninf)
    x$fpl$dretinf                            0x08004058   Section       12  dretinf.o(x$fpl$dretinf)
    x$fpl$drsb                               0x08004064   Section       22  daddsub_clz.o(x$fpl$drsb)
    x$fpl$dsub                               0x0800407c   Section      468  daddsub_clz.o(x$fpl$dsub)
    _dsub1                                   0x0800408d   Thumb Code     0  daddsub_clz.o(x$fpl$dsub)
    x$fpl$f2d                                0x08004250   Section       86  f2d.o(x$fpl$f2d)
    x$fpl$fadd                               0x080042a8   Section      196  faddsub_clz.o(x$fpl$fadd)
    _fadd1                                   0x080042b7   Thumb Code     0  faddsub_clz.o(x$fpl$fadd)
    x$fpl$fcheck1                            0x0800436c   Section       12  fcheck1.o(x$fpl$fcheck1)
    x$fpl$fcmpinf                            0x08004378   Section       24  fcmpi.o(x$fpl$fcmpinf)
    x$fpl$fdiv                               0x08004390   Section      388  fdiv.o(x$fpl$fdiv)
    _fdiv1                                   0x08004391   Thumb Code     0  fdiv.o(x$fpl$fdiv)
    x$fpl$ffixu                              0x08004514   Section       62  ffixu.o(x$fpl$ffixu)
    x$fpl$fflt                               0x08004554   Section       48  fflt_clz.o(x$fpl$fflt)
    x$fpl$fleqf                              0x08004584   Section      104  fleqf.o(x$fpl$fleqf)
    x$fpl$fmul                               0x080045ec   Section      258  fmul.o(x$fpl$fmul)
    x$fpl$fnaninf                            0x080046ee   Section      140  fnaninf.o(x$fpl$fnaninf)
    x$fpl$fretinf                            0x0800477a   Section       10  fretinf.o(x$fpl$fretinf)
    x$fpl$frleqf                             0x08004784   Section       98  frleqf.o(x$fpl$frleqf)
    x$fpl$frnd                               0x080047e8   Section       96  frnd.o(x$fpl$frnd)
    x$fpl$frsb                               0x08004848   Section       20  faddsub_clz.o(x$fpl$frsb)
    x$fpl$fsub                               0x0800485c   Section      234  faddsub_clz.o(x$fpl$fsub)
    _fsub1                                   0x0800486b   Thumb Code     0  faddsub_clz.o(x$fpl$fsub)
    x$fpl$retnan                             0x08004946   Section      100  retnan.o(x$fpl$retnan)
    x$fpl$scalbn                             0x080049aa   Section       92  scalbn.o(x$fpl$scalbn)
    x$fpl$scalbnf                            0x08004a06   Section       76  scalbnf.o(x$fpl$scalbnf)
    x$fpl$trapveneer                         0x08004a52   Section       48  trapv.o(x$fpl$trapveneer)
    x$fpl$usenofp                            0x08004a82   Section        0  usenofp.o(x$fpl$usenofp)
    .constdata                               0x08004a84   Section        4  main.o(.constdata)
    .constdata                               0x08004a88   Section        4  main.o(.constdata)
    .constdata                               0x08004a8c   Section        4  main.o(.constdata)
    .constdata                               0x08004a90   Section        4  main.o(.constdata)
    .constdata                               0x08004a94   Section        4  main.o(.constdata)
    .constdata                               0x08004a98   Section        4  main.o(.constdata)
    .constdata                               0x08004a9c   Section        4  main.o(.constdata)
    .constdata                               0x08004aa0   Section       18  stm32f1xx_hal_rcc.o(.constdata)
    aPredivFactorTable                       0x08004aa0   Data           2  stm32f1xx_hal_rcc.o(.constdata)
    aPLLMULFactorTable                       0x08004aa2   Data          16  stm32f1xx_hal_rcc.o(.constdata)
    .constdata                               0x08004ab2   Section       16  system_stm32f1xx.o(.constdata)
    .constdata                               0x08004ac2   Section        8  system_stm32f1xx.o(.constdata)
    .constdata                               0x08004ad0   Section      152  atan.o(.constdata)
    atanhi                                   0x08004ad0   Data          32  atan.o(.constdata)
    atanlo                                   0x08004af0   Data          32  atan.o(.constdata)
    aTodd                                    0x08004b10   Data          40  atan.o(.constdata)
    aTeven                                   0x08004b38   Data          48  atan.o(.constdata)
    .constdata                               0x08004b68   Section       48  cos_i.o(.constdata)
    C                                        0x08004b68   Data          48  cos_i.o(.constdata)
    .constdata                               0x08004b98   Section      200  rred.o(.constdata)
    pio2s                                    0x08004b98   Data          48  rred.o(.constdata)
    twooverpi                                0x08004bc8   Data         152  rred.o(.constdata)
    .constdata                               0x08004c60   Section       40  sin_i.o(.constdata)
    S                                        0x08004c60   Data          40  sin_i.o(.constdata)
    .data                                    0x20000000   Section        1  main.o(.data)
    .data                                    0x20000004   Section        4  main.o(.data)
    .data                                    0x20000008   Section       80  main.o(.data)
    .data                                    0x20000058   Section        4  main.o(.data)
    .data                                    0x2000005c   Section        4  main.o(.data)
    .data                                    0x20000060   Section        4  main.o(.data)
    .data                                    0x20000064   Section        1  main.o(.data)
    .data                                    0x20000065   Section        1  main.o(.data)
    .data                                    0x20000066   Section        1  main.o(.data)
    .data                                    0x20000067   Section        1  main.o(.data)
    .data                                    0x20000068   Section        1  main.o(.data)
    .data                                    0x2000006a   Section        2  main.o(.data)
    .data                                    0x2000006c   Section        4  main.o(.data)
    .data                                    0x20000070   Section        4  main.o(.data)
    .data                                    0x20000074   Section        4  main.o(.data)
    .data                                    0x20000078   Section        4  main.o(.data)
    .data                                    0x2000007c   Section        4  main.o(.data)
    .data                                    0x20000080   Section        4  main.o(.data)
    .data                                    0x20000084   Section        4  main.o(.data)
    .data                                    0x20000088   Section        4  main.o(.data)
    .data                                    0x2000008c   Section        4  main.o(.data)
    .data                                    0x20000090   Section        4  main.o(.data)
    .data                                    0x20000094   Section        4  main.o(.data)
    .data                                    0x20000098   Section        4  main.o(.data)
    .data                                    0x2000009c   Section        4  main.o(.data)
    .data                                    0x200000a0   Section        4  main.o(.data)
    .data                                    0x200000a4   Section        4  main.o(.data)
    .data                                    0x200000a8   Section        4  main.o(.data)
    .data                                    0x200000ac   Section        4  main.o(.data)
    .data                                    0x200000b0   Section        4  main.o(.data)
    .data                                    0x200000b4   Section        4  main.o(.data)
    .data                                    0x200000b8   Section        4  main.o(.data)
    .data                                    0x200000bc   Section        4  main.o(.data)
    .data                                    0x200000c0   Section        4  main.o(.data)
    .data                                    0x200000c4   Section        4  main.o(.data)
    .data                                    0x200000c8   Section        4  main.o(.data)
    .data                                    0x200000cc   Section        4  main.o(.data)
    .data                                    0x200000d0   Section        4  main.o(.data)
    .data                                    0x200000d4   Section        4  main.o(.data)
    .data                                    0x200000d8   Section        4  main.o(.data)
    .data                                    0x200000dc   Section        4  main.o(.data)
    .data                                    0x200000e0   Section        2  stm32f1xx_it.o(.data)
    .data                                    0x200000e4   Section       12  stm32f1xx_hal.o(.data)
    .data                                    0x200000f0   Section        4  system_stm32f1xx.o(.data)
    .data                                    0x200000f4   Section       12  pid.o(.data)
    .data                                    0x20000100   Section        8  pwm.o(.data)
    .bss                                     0x20000108   Section      488  main.o(.bss)
    .bss                                     0x200002f0   Section       68  main.o(.bss)
    .bss                                     0x20000334   Section       96  libspace.o(.bss)
    HEAP                                     0x20000398   Section      512  startup_stm32f103xb.o(HEAP)
    Heap_Mem                                 0x20000398   Data         512  startup_stm32f103xb.o(HEAP)
    STACK                                    0x20000598   Section     1024  startup_stm32f103xb.o(STACK)
    Stack_Mem                                0x20000598   Data        1024  startup_stm32f103xb.o(STACK)
    __initial_sp                             0x20000998   Data           0  startup_stm32f103xb.o(STACK)

    Global Symbols

    Symbol Name                              Value     Ov Type        Size  Object(Section)

    BuildAttributes$$THM_ISAv4$P$D$K$B$S$PE$A:L22UL41UL21$X:L11$S22US41US21$IEEE1$IW$USESV6$~STKCKD$USESV7$~SHL$OTIME$ROPI$IEEEX$EBA8$UX$STANDARDLIB$REQ8$PRES8$EABIv2 0x00000000   Number         0  anon$$obj.o ABSOLUTE
    __ARM_use_no_argv                        0x00000000   Number         0  main.o ABSOLUTE
    __ARM_exceptions_init                     - Undefined Weak Reference
    __alloca_initialize                       - Undefined Weak Reference
    __arm_fini_                               - Undefined Weak Reference
    __arm_preinit_                            - Undefined Weak Reference
    __cpp_initialize__aeabi_                  - Undefined Weak Reference
    __cxa_finalize                            - Undefined Weak Reference
    __rt_locale                               - Undefined Weak Reference
    __sigvec_lookup                           - Undefined Weak Reference
    _atexit_init                              - Undefined Weak Reference
    _call_atexit_fns                          - Undefined Weak Reference
    _clock_init                               - Undefined Weak Reference
    _fp_trap_init                             - Undefined Weak Reference
    _fp_trap_shutdown                         - Undefined Weak Reference
    _get_lc_collate                           - Undefined Weak Reference
    _get_lc_ctype                             - Undefined Weak Reference
    _get_lc_monetary                          - Undefined Weak Reference
    _get_lc_numeric                           - Undefined Weak Reference
    _get_lc_time                              - Undefined Weak Reference
    _getenv_init                              - Undefined Weak Reference
    _handle_redirection                       - Undefined Weak Reference
    _init_alloc                               - Undefined Weak Reference
    _init_user_alloc                          - Undefined Weak Reference
    _initio                                   - Undefined Weak Reference
    _rand_init                                - Undefined Weak Reference
    _signal_finish                            - Undefined Weak Reference
    _signal_init                              - Undefined Weak Reference
    _terminate_alloc                          - Undefined Weak Reference
    _terminate_user_alloc                     - Undefined Weak Reference
    _terminateio                              - Undefined Weak Reference
    __Vectors_Size                           0x000000ec   Number         0  startup_stm32f103xb.o ABSOLUTE
    __Vectors                                0x08000000   Data           4  startup_stm32f103xb.o(RESET)
    __Vectors_End                            0x080000ec   Data           0  startup_stm32f103xb.o(RESET)
    __main                                   0x080000ed   Thumb Code     8  __main.o(!!!main)
    __scatterload                            0x080000f5   Thumb Code     0  __scatter.o(!!!scatter)
    __scatterload_rt2                        0x080000f5   Thumb Code    44  __scatter.o(!!!scatter)
    __scatterload_rt2_thumb_only             0x080000f5   Thumb Code     0  __scatter.o(!!!scatter)
    __scatterload_null                       0x08000103   Thumb Code     0  __scatter.o(!!!scatter)
    __scatterload_copy                       0x08000129   Thumb Code    26  __scatter_copy.o(!!handler_copy)
    __scatterload_zeroinit                   0x08000145   Thumb Code    28  __scatter_zi.o(!!handler_zi)
    __rt_lib_init                            0x08000161   Thumb Code     0  libinit.o(.ARM.Collect$$libinit$$00000000)
    __rt_lib_init_alloca_1                   0x08000163   Thumb Code     0  libinit2.o(.ARM.Collect$$libinit$$0000002E)
    __rt_lib_init_argv_1                     0x08000163   Thumb Code     0  libinit2.o(.ARM.Collect$$libinit$$0000002C)
    __rt_lib_init_atexit_1                   0x08000163   Thumb Code     0  libinit2.o(.ARM.Collect$$libinit$$0000001B)
    __rt_lib_init_clock_1                    0x08000163   Thumb Code     0  libinit2.o(.ARM.Collect$$libinit$$00000021)
    __rt_lib_init_cpp_1                      0x08000163   Thumb Code     0  libinit2.o(.ARM.Collect$$libinit$$00000032)
    __rt_lib_init_exceptions_1               0x08000163   Thumb Code     0  libinit2.o(.ARM.Collect$$libinit$$00000030)
    __rt_lib_init_fp_1                       0x08000163   Thumb Code     0  libinit2.o(.ARM.Collect$$libinit$$00000002)
    __rt_lib_init_fp_trap_1                  0x08000163   Thumb Code     0  libinit2.o(.ARM.Collect$$libinit$$0000001F)
    __rt_lib_init_getenv_1                   0x08000163   Thumb Code     0  libinit2.o(.ARM.Collect$$libinit$$00000023)
    __rt_lib_init_heap_1                     0x08000163   Thumb Code     0  libinit2.o(.ARM.Collect$$libinit$$0000000A)
    __rt_lib_init_lc_collate_1               0x08000163   Thumb Code     0  libinit2.o(.ARM.Collect$$libinit$$00000011)
    __rt_lib_init_lc_ctype_1                 0x08000163   Thumb Code     0  libinit2.o(.ARM.Collect$$libinit$$00000013)
    __rt_lib_init_lc_monetary_1              0x08000163   Thumb Code     0  libinit2.o(.ARM.Collect$$libinit$$00000015)
    __rt_lib_init_lc_numeric_1               0x08000163   Thumb Code     0  libinit2.o(.ARM.Collect$$libinit$$00000017)
    __rt_lib_init_lc_time_1                  0x08000163   Thumb Code     0  libinit2.o(.ARM.Collect$$libinit$$00000019)
    __rt_lib_init_preinit_1                  0x08000163   Thumb Code     0  libinit2.o(.ARM.Collect$$libinit$$00000004)
    __rt_lib_init_rand_1                     0x08000163   Thumb Code     0  libinit2.o(.ARM.Collect$$libinit$$0000000E)
    __rt_lib_init_return                     0x08000163   Thumb Code     0  libinit2.o(.ARM.Collect$$libinit$$00000033)
    __rt_lib_init_signal_1                   0x08000163   Thumb Code     0  libinit2.o(.ARM.Collect$$libinit$$0000001D)
    __rt_lib_init_stdio_1                    0x08000163   Thumb Code     0  libinit2.o(.ARM.Collect$$libinit$$00000025)
    __rt_lib_init_user_alloc_1               0x08000163   Thumb Code     0  libinit2.o(.ARM.Collect$$libinit$$0000000C)
    __rt_lib_shutdown                        0x08000165   Thumb Code     0  libshutdown.o(.ARM.Collect$$libshutdown$$00000000)
    __rt_lib_shutdown_cpp_1                  0x08000167   Thumb Code     0  libshutdown2.o(.ARM.Collect$$libshutdown$$00000004)
    __rt_lib_shutdown_fini_1                 0x08000167   Thumb Code     0  libshutdown2.o(.ARM.Collect$$libshutdown$$00000002)
    __rt_lib_shutdown_fp_trap_1              0x08000167   Thumb Code     0  libshutdown2.o(.ARM.Collect$$libshutdown$$00000009)
    __rt_lib_shutdown_heap_1                 0x08000167   Thumb Code     0  libshutdown2.o(.ARM.Collect$$libshutdown$$00000011)
    __rt_lib_shutdown_return                 0x08000167   Thumb Code     0  libshutdown2.o(.ARM.Collect$$libshutdown$$00000012)
    __rt_lib_shutdown_signal_1               0x08000167   Thumb Code     0  libshutdown2.o(.ARM.Collect$$libshutdown$$0000000C)
    __rt_lib_shutdown_stdio_1                0x08000167   Thumb Code     0  libshutdown2.o(.ARM.Collect$$libshutdown$$00000006)
    __rt_lib_shutdown_user_alloc_1           0x08000167   Thumb Code     0  libshutdown2.o(.ARM.Collect$$libshutdown$$0000000E)
    __rt_entry                               0x08000169   Thumb Code     0  __rtentry.o(.ARM.Collect$$rtentry$$00000000)
    __rt_entry_presh_1                       0x08000169   Thumb Code     0  __rtentry2.o(.ARM.Collect$$rtentry$$00000002)
    __rt_entry_sh                            0x08000169   Thumb Code     0  __rtentry4.o(.ARM.Collect$$rtentry$$00000004)
    __rt_entry_li                            0x0800016f   Thumb Code     0  __rtentry2.o(.ARM.Collect$$rtentry$$0000000A)
    __rt_entry_postsh_1                      0x0800016f   Thumb Code     0  __rtentry2.o(.ARM.Collect$$rtentry$$00000009)
    __rt_entry_main                          0x08000173   Thumb Code     0  __rtentry2.o(.ARM.Collect$$rtentry$$0000000D)
    __rt_entry_postli_1                      0x08000173   Thumb Code     0  __rtentry2.o(.ARM.Collect$$rtentry$$0000000C)
    __rt_exit                                0x0800017b   Thumb Code     0  rtexit.o(.ARM.Collect$$rtexit$$00000000)
    __rt_exit_ls                             0x0800017d   Thumb Code     0  rtexit2.o(.ARM.Collect$$rtexit$$00000003)
    __rt_exit_prels_1                        0x0800017d   Thumb Code     0  rtexit2.o(.ARM.Collect$$rtexit$$00000002)
    __rt_exit_exit                           0x08000181   Thumb Code     0  rtexit2.o(.ARM.Collect$$rtexit$$00000004)
    Reset_Handler                            0x08000189   Thumb Code     8  startup_stm32f103xb.o(.text)
    ADC1_2_IRQHandler                        0x080001a3   Thumb Code     0  startup_stm32f103xb.o(.text)
    CAN1_RX1_IRQHandler                      0x080001a3   Thumb Code     0  startup_stm32f103xb.o(.text)
    CAN1_SCE_IRQHandler                      0x080001a3   Thumb Code     0  startup_stm32f103xb.o(.text)
    DMA1_Channel1_IRQHandler                 0x080001a3   Thumb Code     0  startup_stm32f103xb.o(.text)
    DMA1_Channel2_IRQHandler                 0x080001a3   Thumb Code     0  startup_stm32f103xb.o(.text)
    DMA1_Channel3_IRQHandler                 0x080001a3   Thumb Code     0  startup_stm32f103xb.o(.text)
    DMA1_Channel4_IRQHandler                 0x080001a3   Thumb Code     0  startup_stm32f103xb.o(.text)
    DMA1_Channel5_IRQHandler                 0x080001a3   Thumb Code     0  startup_stm32f103xb.o(.text)
    DMA1_Channel6_IRQHandler                 0x080001a3   Thumb Code     0  startup_stm32f103xb.o(.text)
    EXTI0_IRQHandler                         0x080001a3   Thumb Code     0  startup_stm32f103xb.o(.text)
    EXTI15_10_IRQHandler                     0x080001a3   Thumb Code     0  startup_stm32f103xb.o(.text)
    EXTI1_IRQHandler                         0x080001a3   Thumb Code     0  startup_stm32f103xb.o(.text)
    EXTI2_IRQHandler                         0x080001a3   Thumb Code     0  startup_stm32f103xb.o(.text)
    EXTI3_IRQHandler                         0x080001a3   Thumb Code     0  startup_stm32f103xb.o(.text)
    EXTI4_IRQHandler                         0x080001a3   Thumb Code     0  startup_stm32f103xb.o(.text)
    EXTI9_5_IRQHandler                       0x080001a3   Thumb Code     0  startup_stm32f103xb.o(.text)
    FLASH_IRQHandler                         0x080001a3   Thumb Code     0  startup_stm32f103xb.o(.text)
    I2C1_ER_IRQHandler                       0x080001a3   Thumb Code     0  startup_stm32f103xb.o(.text)
    I2C1_EV_IRQHandler                       0x080001a3   Thumb Code     0  startup_stm32f103xb.o(.text)
    I2C2_ER_IRQHandler                       0x080001a3   Thumb Code     0  startup_stm32f103xb.o(.text)
    I2C2_EV_IRQHandler                       0x080001a3   Thumb Code     0  startup_stm32f103xb.o(.text)
    PVD_IRQHandler                           0x080001a3   Thumb Code     0  startup_stm32f103xb.o(.text)
    RCC_IRQHandler                           0x080001a3   Thumb Code     0  startup_stm32f103xb.o(.text)
    RTC_Alarm_IRQHandler                     0x080001a3   Thumb Code     0  startup_stm32f103xb.o(.text)
    RTC_IRQHandler                           0x080001a3   Thumb Code     0  startup_stm32f103xb.o(.text)
    SPI1_IRQHandler                          0x080001a3   Thumb Code     0  startup_stm32f103xb.o(.text)
    SPI2_IRQHandler                          0x080001a3   Thumb Code     0  startup_stm32f103xb.o(.text)
    TAMPER_IRQHandler                        0x080001a3   Thumb Code     0  startup_stm32f103xb.o(.text)
    TIM1_BRK_IRQHandler                      0x080001a3   Thumb Code     0  startup_stm32f103xb.o(.text)
    TIM1_TRG_COM_IRQHandler                  0x080001a3   Thumb Code     0  startup_stm32f103xb.o(.text)
    TIM4_IRQHandler                          0x080001a3   Thumb Code     0  startup_stm32f103xb.o(.text)
    USART1_IRQHandler                        0x080001a3   Thumb Code     0  startup_stm32f103xb.o(.text)
    USART2_IRQHandler                        0x080001a3   Thumb Code     0  startup_stm32f103xb.o(.text)
    USART3_IRQHandler                        0x080001a3   Thumb Code     0  startup_stm32f103xb.o(.text)
    USBWakeUp_IRQHandler                     0x080001a3   Thumb Code     0  startup_stm32f103xb.o(.text)
    USB_HP_CAN1_TX_IRQHandler                0x080001a3   Thumb Code     0  startup_stm32f103xb.o(.text)
    USB_LP_CAN1_RX0_IRQHandler               0x080001a3   Thumb Code     0  startup_stm32f103xb.o(.text)
    WWDG_IRQHandler                          0x080001a3   Thumb Code     0  startup_stm32f103xb.o(.text)
    __user_initial_stackheap                 0x080001a5   Thumb Code     0  startup_stm32f103xb.o(.text)
    __aeabi_memclr4                          0x080001c9   Thumb Code     0  rt_memclr_w.o(.text)
    __aeabi_memclr8                          0x080001c9   Thumb Code     0  rt_memclr_w.o(.text)
    __rt_memclr_w                            0x080001c9   Thumb Code    78  rt_memclr_w.o(.text)
    _memset_w                                0x080001cd   Thumb Code     0  rt_memclr_w.o(.text)
    __use_two_region_memory                  0x08000217   Thumb Code     2  heapauxi.o(.text)
    __rt_heap_escrow$2region                 0x08000219   Thumb Code     2  heapauxi.o(.text)
    __rt_heap_expand$2region                 0x0800021b   Thumb Code     2  heapauxi.o(.text)
    __read_errno                             0x0800021d   Thumb Code    10  _rserrno.o(.text)
    __set_errno                              0x08000227   Thumb Code    12  _rserrno.o(.text)
    __aeabi_errno_addr                       0x08000235   Thumb Code     8  rt_errno_addr_intlibspace.o(.text)
    __errno$intlibspace                      0x08000235   Thumb Code     0  rt_errno_addr_intlibspace.o(.text)
    __rt_errno_addr$intlibspace              0x08000235   Thumb Code     0  rt_errno_addr_intlibspace.o(.text)
    __user_libspace                          0x0800023d   Thumb Code     8  libspace.o(.text)
    __user_perproc_libspace                  0x0800023d   Thumb Code     0  libspace.o(.text)
    __user_perthread_libspace                0x0800023d   Thumb Code     0  libspace.o(.text)
    __user_setup_stackheap                   0x08000245   Thumb Code    74  sys_stackheap_outer.o(.text)
    exit                                     0x0800028f   Thumb Code    18  exit.o(.text)
    _sys_exit                                0x080002a1   Thumb Code     8  sys_exit.o(.text)
    __I$use$semihosting                      0x080002ad   Thumb Code     0  use_no_semi.o(.text)
    __use_no_semihosting_swi                 0x080002ad   Thumb Code     2  use_no_semi.o(.text)
    __semihosting_library_function           0x080002af   Thumb Code     0  indicate_semi.o(.text)
    ADC_ConversionStop_Disable               0x080002b1   Thumb Code    86  stm32f1xx_hal_adc.o(i.ADC_ConversionStop_Disable)
    BusFault_Handler                         0x08000307   Thumb Code     2  stm32f1xx_it.o(i.BusFault_Handler)
    DMA1_Channel7_IRQHandler                 0x08000309   Thumb Code     6  stm32f1xx_it.o(i.DMA1_Channel7_IRQHandler)
    DebugMon_Handler                         0x08000315   Thumb Code     2  stm32f1xx_it.o(i.DebugMon_Handler)
    Encoder_processing_ver1                  0x08000319   Thumb Code   200  encoder.o(i.Encoder_processing_ver1)
    Error_Handler                            0x08000419   Thumb Code     4  main.o(i.Error_Handler)
    HAL_ADC_ConfigChannel                    0x0800041d   Thumb Code   240  stm32f1xx_hal_adc.o(i.HAL_ADC_ConfigChannel)
    HAL_ADC_Init                             0x08000519   Thumb Code   272  stm32f1xx_hal_adc.o(i.HAL_ADC_Init)
    HAL_ADC_MspInit                          0x08000635   Thumb Code    76  stm32f1xx_hal_msp.o(i.HAL_ADC_MspInit)
    HAL_DMA_IRQHandler                       0x0800068d   Thumb Code   316  stm32f1xx_hal_dma.o(i.HAL_DMA_IRQHandler)
    HAL_DMA_Init                             0x080007e1   Thumb Code    84  stm32f1xx_hal_dma.o(i.HAL_DMA_Init)
    HAL_Delay                                0x0800083d   Thumb Code    32  stm32f1xx_hal.o(i.HAL_Delay)
    HAL_GPIO_Init                            0x08000861   Thumb Code   446  stm32f1xx_hal_gpio.o(i.HAL_GPIO_Init)
    HAL_GPIO_WritePin                        0x08000a41   Thumb Code    10  stm32f1xx_hal_gpio.o(i.HAL_GPIO_WritePin)
    HAL_GetTick                              0x08000a4d   Thumb Code     6  stm32f1xx_hal.o(i.HAL_GetTick)
    HAL_IWDG_Init                            0x08000a59   Thumb Code    90  stm32f1xx_hal_iwdg.o(i.HAL_IWDG_Init)
    HAL_IWDG_Refresh                         0x08000ab3   Thumb Code    12  stm32f1xx_hal_iwdg.o(i.HAL_IWDG_Refresh)
    HAL_IncTick                              0x08000ac1   Thumb Code    12  stm32f1xx_hal.o(i.HAL_IncTick)
    HAL_Init                                 0x08000ad1   Thumb Code    32  stm32f1xx_hal.o(i.HAL_Init)
    HAL_InitTick                             0x08000af5   Thumb Code    54  stm32f1xx_hal.o(i.HAL_InitTick)
    HAL_MspInit                              0x08000b35   Thumb Code    52  stm32f1xx_hal_msp.o(i.HAL_MspInit)
    HAL_NVIC_EnableIRQ                       0x08000b71   Thumb Code    26  stm32f1xx_hal_cortex.o(i.HAL_NVIC_EnableIRQ)
    HAL_NVIC_SetPriority                     0x08000b8d   Thumb Code    60  stm32f1xx_hal_cortex.o(i.HAL_NVIC_SetPriority)
    HAL_NVIC_SetPriorityGrouping             0x08000bcd   Thumb Code    26  stm32f1xx_hal_cortex.o(i.HAL_NVIC_SetPriorityGrouping)
    HAL_RCCEx_PeriphCLKConfig                0x08000bf1   Thumb Code   224  stm32f1xx_hal_rcc_ex.o(i.HAL_RCCEx_PeriphCLKConfig)
    HAL_RCC_ClockConfig                      0x08000cdd   Thumb Code   280  stm32f1xx_hal_rcc.o(i.HAL_RCC_ClockConfig)
    HAL_RCC_GetPCLK1Freq                     0x08000e09   Thumb Code    20  stm32f1xx_hal_rcc.o(i.HAL_RCC_GetPCLK1Freq)
    HAL_RCC_GetPCLK2Freq                     0x08000e29   Thumb Code    20  stm32f1xx_hal_rcc.o(i.HAL_RCC_GetPCLK2Freq)
    HAL_RCC_GetSysClockFreq                  0x08000e49   Thumb Code    58  stm32f1xx_hal_rcc.o(i.HAL_RCC_GetSysClockFreq)
    HAL_RCC_OscConfig                        0x08000e95   Thumb Code   778  stm32f1xx_hal_rcc.o(i.HAL_RCC_OscConfig)
    HAL_SYSTICK_Config                       0x080011b5   Thumb Code    40  stm32f1xx_hal_cortex.o(i.HAL_SYSTICK_Config)
    HAL_TIMEx_BreakCallback                  0x080011dd   Thumb Code     2  stm32f1xx_hal_tim_ex.o(i.HAL_TIMEx_BreakCallback)
    HAL_TIMEx_CommutCallback                 0x080011df   Thumb Code     2  stm32f1xx_hal_tim_ex.o(i.HAL_TIMEx_CommutCallback)
    HAL_TIMEx_MasterConfigSynchronization    0x080011e1   Thumb Code    92  stm32f1xx_hal_tim_ex.o(i.HAL_TIMEx_MasterConfigSynchronization)
    HAL_TIM_Base_Start_IT                    0x08001249   Thumb Code    76  stm32f1xx_hal_tim.o(i.HAL_TIM_Base_Start_IT)
    HAL_TIM_Encoder_Init                     0x080012a1   Thumb Code   164  stm32f1xx_hal_tim.o(i.HAL_TIM_Encoder_Init)
    HAL_TIM_Encoder_MspInit                  0x08001345   Thumb Code   158  stm32f1xx_hal_msp.o(i.HAL_TIM_Encoder_MspInit)
    HAL_TIM_Encoder_Start_IT                 0x080013f1   Thumb Code   182  stm32f1xx_hal_tim.o(i.HAL_TIM_Encoder_Start_IT)
    HAL_TIM_IC_CaptureCallback               0x080014a9   Thumb Code   584  main.o(i.HAL_TIM_IC_CaptureCallback)
    HAL_TIM_IC_ConfigChannel                 0x08001711   Thumb Code   292  stm32f1xx_hal_tim.o(i.HAL_TIM_IC_ConfigChannel)
    HAL_TIM_IC_Init                          0x08001835   Thumb Code    90  stm32f1xx_hal_tim.o(i.HAL_TIM_IC_Init)
    HAL_TIM_IC_MspInit                       0x08001891   Thumb Code   106  stm32f1xx_hal_msp.o(i.HAL_TIM_IC_MspInit)
    HAL_TIM_IC_Start_IT                      0x08001909   Thumb Code   216  stm32f1xx_hal_tim.o(i.HAL_TIM_IC_Start_IT)
    HAL_TIM_IRQHandler                       0x080019ed   Thumb Code   358  stm32f1xx_hal_tim.o(i.HAL_TIM_IRQHandler)
    HAL_TIM_MspPostInit                      0x08001b55   Thumb Code    62  stm32f1xx_hal_msp.o(i.HAL_TIM_MspPostInit)
    HAL_TIM_OC_DelayElapsedCallback          0x08001ba1   Thumb Code     2  stm32f1xx_hal_tim.o(i.HAL_TIM_OC_DelayElapsedCallback)
    HAL_TIM_PWM_ConfigChannel                0x08001ba3   Thumb Code   204  stm32f1xx_hal_tim.o(i.HAL_TIM_PWM_ConfigChannel)
    HAL_TIM_PWM_Init                         0x08001c6f   Thumb Code    90  stm32f1xx_hal_tim.o(i.HAL_TIM_PWM_Init)
    HAL_TIM_PWM_MspInit                      0x08001cc9   Thumb Code    30  stm32f1xx_hal_msp.o(i.HAL_TIM_PWM_MspInit)
    HAL_TIM_PWM_PulseFinishedCallback        0x08001cf1   Thumb Code     2  stm32f1xx_hal_tim.o(i.HAL_TIM_PWM_PulseFinishedCallback)
    HAL_TIM_PWM_Start                        0x08001cf5   Thumb Code   144  stm32f1xx_hal_tim.o(i.HAL_TIM_PWM_Start)
    HAL_TIM_PeriodElapsedCallback            0x08001d91   Thumb Code    56  main.o(i.HAL_TIM_PeriodElapsedCallback)
    HAL_TIM_ReadCapturedValue                0x08001dd1   Thumb Code    42  stm32f1xx_hal_tim.o(i.HAL_TIM_ReadCapturedValue)
    HAL_TIM_TriggerCallback                  0x08001dfb   Thumb Code     2  stm32f1xx_hal_tim.o(i.HAL_TIM_TriggerCallback)
    HAL_UART_Init                            0x08001dfd   Thumb Code   100  stm32f1xx_hal_uart.o(i.HAL_UART_Init)
    HAL_UART_MspInit                         0x08001e61   Thumb Code   144  stm32f1xx_hal_msp.o(i.HAL_UART_MspInit)
    HardFault_Handler                        0x08001f05   Thumb Code     2  stm32f1xx_it.o(i.HardFault_Handler)
    Left_forward                             0x08001f09   Thumb Code    28  controlmotor.o(i.Left_forward)
    MemManage_Handler                        0x08002269   Thumb Code     2  stm32f1xx_it.o(i.MemManage_Handler)
    NMI_Handler                              0x0800226b   Thumb Code     2  stm32f1xx_it.o(i.NMI_Handler)
    PID_L_control                            0x0800226d   Thumb Code   208  pid.o(i.PID_L_control)
    PID_R_control                            0x08002371   Thumb Code   208  pid.o(i.PID_R_control)
    PID_distance                             0x08002475   Thumb Code   208  pid.o(i.PID_distance)
    PIDtoOmega                               0x08002579   Thumb Code    98  pid.o(i.PIDtoOmega)
    PIDtoPWM_L_ver1                          0x080025f9   Thumb Code    90  pwm.o(i.PIDtoPWM_L_ver1)
    PIDtoPWM_R_ver1                          0x08002669   Thumb Code    80  pwm.o(i.PIDtoPWM_R_ver1)
    PendSV_Handler                           0x080026cd   Thumb Code     2  stm32f1xx_it.o(i.PendSV_Handler)
    Right_forward                            0x080026d1   Thumb Code    30  controlmotor.o(i.Right_forward)
    SVC_Handler                              0x080026f5   Thumb Code     2  stm32f1xx_it.o(i.SVC_Handler)
    SysTick_Handler                          0x080026f9   Thumb Code    28  stm32f1xx_it.o(i.SysTick_Handler)
    SystemClock_Config                       0x0800271d   Thumb Code   128  main.o(i.SystemClock_Config)
    SystemInit                               0x0800279d   Thumb Code     2  system_stm32f1xx.o(i.SystemInit)
    TIM1_CC_IRQHandler                       0x080027a1   Thumb Code     6  stm32f1xx_it.o(i.TIM1_CC_IRQHandler)
    TIM1_UP_IRQHandler                       0x080027ad   Thumb Code     6  stm32f1xx_it.o(i.TIM1_UP_IRQHandler)
    TIM2_IRQHandler                          0x080027b9   Thumb Code     6  stm32f1xx_it.o(i.TIM2_IRQHandler)
    TIM3_IRQHandler                          0x080027c5   Thumb Code     6  stm32f1xx_it.o(i.TIM3_IRQHandler)
    TIM_Base_SetConfig                       0x080027d1   Thumb Code    94  stm32f1xx_hal_tim.o(i.TIM_Base_SetConfig)
    TIM_CCxChannelCmd                        0x0800283d   Thumb Code    26  stm32f1xx_hal_tim.o(i.TIM_CCxChannelCmd)
    TIM_OC2_SetConfig                        0x080028a9   Thumb Code    84  stm32f1xx_hal_tim.o(i.TIM_OC2_SetConfig)
    TIM_TI1_SetConfig                        0x0800299d   Thumb Code    76  stm32f1xx_hal_tim.o(i.TIM_TI1_SetConfig)
    Ultrasonic_Front_Read                    0x08002ae5   Thumb Code   118  ultrasonic.o(i.Ultrasonic_Front_Read)
    Ultrasonic_RightBack_Read                0x08002b7d   Thumb Code    82  ultrasonic.o(i.Ultrasonic_RightBack_Read)
    Ultrasonic_RightFront_Read               0x08002be9   Thumb Code    82  ultrasonic.o(i.Ultrasonic_RightFront_Read)
    Ultrasonic_getData                       0x08002c55   Thumb Code   108  ultrasonic.o(i.Ultrasonic_getData)
    UsageFault_Handler                       0x08002cd9   Thumb Code     2  stm32f1xx_it.o(i.UsageFault_Handler)
    __ARM_fpclassify                         0x08002cdb   Thumb Code    40  fpclassify.o(i.__ARM_fpclassify)
    __ieee754_rem_pio2                       0x08002d25   Thumb Code   828  rred.o(i.__ieee754_rem_pio2)
    __kernel_cos                             0x080030ad   Thumb Code   230  cos_i.o(i.__kernel_cos)
    __kernel_poly                            0x080031a9   Thumb Code   170  poly.o(i.__kernel_poly)
    __kernel_sin                             0x08003255   Thumb Code   224  sin_i.o(i.__kernel_sin)
    __mathlib_dbl_infnan                     0x08003341   Thumb Code     6  dunder.o(i.__mathlib_dbl_infnan)
    __mathlib_dbl_invalid                    0x08003347   Thumb Code    12  dunder.o(i.__mathlib_dbl_invalid)
    __mathlib_dbl_underflow                  0x08003355   Thumb Code    10  dunder.o(i.__mathlib_dbl_underflow)
    atan                                     0x08003365   Thumb Code   474  atan.o(i.atan)
    cos                                      0x08003585   Thumb Code   148  cos.o(i.cos)
    main                                     0x08003621   Thumb Code   230  main.o(i.main)
    roundf                                   0x0800371d   Thumb Code   114  roundf.o(i.roundf)
    sample_all_ver4                          0x08003791   Thumb Code   366  takesample.o(i.sample_all_ver4)
    __aeabi_d2f                              0x08003941   Thumb Code     0  d2f.o(x$fpl$d2f)
    _d2f                                     0x08003941   Thumb Code    98  d2f.o(x$fpl$d2f)
    __aeabi_dadd                             0x080039a5   Thumb Code     0  daddsub_clz.o(x$fpl$dadd)
    _dadd                                    0x080039a5   Thumb Code   332  daddsub_clz.o(x$fpl$dadd)
    __fpl_dcheck_NaN1                        0x08003af5   Thumb Code    10  dcheck1.o(x$fpl$dcheck1)
    __aeabi_ddiv                             0x08003b05   Thumb Code     0  ddiv.o(x$fpl$ddiv)
    _ddiv                                    0x08003b05   Thumb Code   552  ddiv.o(x$fpl$ddiv)
    __aeabi_d2iz                             0x08003db5   Thumb Code     0  dfix.o(x$fpl$dfix)
    _dfix                                    0x08003db5   Thumb Code    94  dfix.o(x$fpl$dfix)
    __aeabi_i2d                              0x08003e13   Thumb Code     0  dflt_clz.o(x$fpl$dflt)
    _dflt                                    0x08003e13   Thumb Code    46  dflt_clz.o(x$fpl$dflt)
    __aeabi_ui2d                             0x08003e41   Thumb Code     0  dflt_clz.o(x$fpl$dfltu)
    _dfltu                                   0x08003e41   Thumb Code    38  dflt_clz.o(x$fpl$dfltu)
    __aeabi_dmul                             0x08003e69   Thumb Code     0  dmul.o(x$fpl$dmul)
    _dmul                                    0x08003e69   Thumb Code   332  dmul.o(x$fpl$dmul)
    __fpl_dnaninf                            0x08003fbd   Thumb Code   156  dnaninf.o(x$fpl$dnaninf)
    __fpl_dretinf                            0x08004059   Thumb Code    12  dretinf.o(x$fpl$dretinf)
    __aeabi_drsub                            0x08004065   Thumb Code     0  daddsub_clz.o(x$fpl$drsb)
    _drsb                                    0x08004065   Thumb Code    22  daddsub_clz.o(x$fpl$drsb)
    __aeabi_dsub                             0x0800407d   Thumb Code     0  daddsub_clz.o(x$fpl$dsub)
    _dsub                                    0x0800407d   Thumb Code   464  daddsub_clz.o(x$fpl$dsub)
    __aeabi_f2d                              0x08004251   Thumb Code     0  f2d.o(x$fpl$f2d)
    _f2d                                     0x08004251   Thumb Code    86  f2d.o(x$fpl$f2d)
    __aeabi_fadd                             0x080042a9   Thumb Code     0  faddsub_clz.o(x$fpl$fadd)
    _fadd                                    0x080042a9   Thumb Code   196  faddsub_clz.o(x$fpl$fadd)
    __fpl_fcheck_NaN1                        0x0800436d   Thumb Code     6  fcheck1.o(x$fpl$fcheck1)
    __fpl_fcmp_Inf                           0x08004379   Thumb Code    24  fcmpi.o(x$fpl$fcmpinf)
    __aeabi_fdiv                             0x08004391   Thumb Code     0  fdiv.o(x$fpl$fdiv)
    _fdiv                                    0x08004391   Thumb Code   384  fdiv.o(x$fpl$fdiv)
    __aeabi_f2uiz                            0x08004515   Thumb Code     0  ffixu.o(x$fpl$ffixu)
    _ffixu                                   0x08004515   Thumb Code    62  ffixu.o(x$fpl$ffixu)
    __aeabi_i2f                              0x08004555   Thumb Code     0  fflt_clz.o(x$fpl$fflt)
    _fflt                                    0x08004555   Thumb Code    48  fflt_clz.o(x$fpl$fflt)
    __aeabi_cfcmple                          0x08004585   Thumb Code     0  fleqf.o(x$fpl$fleqf)
    _fcmple                                  0x08004585   Thumb Code   104  fleqf.o(x$fpl$fleqf)
    __fpl_fcmple_InfNaN                      0x080045d7   Thumb Code     0  fleqf.o(x$fpl$fleqf)
    __aeabi_fmul                             0x080045ed   Thumb Code     0  fmul.o(x$fpl$fmul)
    _fmul                                    0x080045ed   Thumb Code   258  fmul.o(x$fpl$fmul)
    __fpl_fnaninf                            0x080046ef   Thumb Code   140  fnaninf.o(x$fpl$fnaninf)
    __fpl_fretinf                            0x0800477b   Thumb Code    10  fretinf.o(x$fpl$fretinf)
    __aeabi_cfrcmple                         0x08004785   Thumb Code     0  frleqf.o(x$fpl$frleqf)
    _frcmple                                 0x08004785   Thumb Code    98  frleqf.o(x$fpl$frleqf)
    _frnd                                    0x080047e9   Thumb Code    96  frnd.o(x$fpl$frnd)
    __aeabi_frsub                            0x08004849   Thumb Code     0  faddsub_clz.o(x$fpl$frsb)
    _frsb                                    0x08004849   Thumb Code    20  faddsub_clz.o(x$fpl$frsb)
    __aeabi_fsub                             0x0800485d   Thumb Code     0  faddsub_clz.o(x$fpl$fsub)
    _fsub                                    0x0800485d   Thumb Code   234  faddsub_clz.o(x$fpl$fsub)
    __fpl_return_NaN                         0x08004947   Thumb Code   100  retnan.o(x$fpl$retnan)
    __ARM_scalbn                             0x080049ab   Thumb Code    92  scalbn.o(x$fpl$scalbn)
    __ARM_scalbnf                            0x08004a07   Thumb Code    76  scalbnf.o(x$fpl$scalbnf)
    __fpl_cmpreturn                          0x08004a53   Thumb Code    48  trapv.o(x$fpl$trapveneer)
    __I$use$fp                               0x08004a82   Number         0  usenofp.o(x$fpl$usenofp)
    PI                                       0x08004a84   Data           4  main.o(.constdata)
    umax_R                                   0x08004a88   Data           4  main.o(.constdata)
    umin_R                                   0x08004a8c   Data           4  main.o(.constdata)
    umax_L                                   0x08004a90   Data           4  main.o(.constdata)
    umin_L                                   0x08004a94   Data           4  main.o(.constdata)
    umax_dis                                 0x08004a98   Data           4  main.o(.constdata)
    umin_dis                                 0x08004a9c   Data           4  main.o(.constdata)
    AHBPrescTable                            0x08004ab2   Data          16  system_stm32f1xx.o(.constdata)
    APBPrescTable                            0x08004ac2   Data           8  system_stm32f1xx.o(.constdata)
    Region$$Table$$Base                      0x08004c88   Number         0  anon$$obj.o(Region$$Table)
    Region$$Table$$Limit                     0x08004ca8   Number         0  anon$$obj.o(Region$$Table)
    Sample_flag                              0x20000000   Data           1  main.o(.data)
    Sample_time_ms                           0x20000004   Data           4  main.o(.data)
    IsFirstCap                               0x20000008   Data           1  main.o(.data)
    F_done                                   0x20000009   Data           1  main.o(.data)
    RF_done                                  0x2000000a   Data           1  main.o(.data)
    RB_done                                  0x2000000b   Data           1  main.o(.data)
    isChange_R                               0x2000000c   Data           1  main.o(.data)
    isChange_L                               0x2000000d   Data           1  main.o(.data)
    encR_cnt                                 0x2000000e   Data           2  main.o(.data)
    InCapFR_01                               0x20000010   Data           4  main.o(.data)
    InCapFR_02                               0x20000014   Data           4  main.o(.data)
    InCapRFR_01                              0x20000018   Data           4  main.o(.data)
    InCapRFR_02                              0x2000001c   Data           4  main.o(.data)
    InCapRBR_01                              0x20000020   Data           4  main.o(.data)
    InCapRBR_02                              0x20000024   Data           4  main.o(.data)
    diff_f                                   0x20000028   Data           4  main.o(.data)
    diff_rf                                  0x2000002c   Data           4  main.o(.data)
    diff_rb                                  0x20000030   Data           4  main.o(.data)
    Front_dis                                0x20000034   Data           4  main.o(.data)
    RightFront_dis                           0x20000038   Data           4  main.o(.data)
    RightBack_dis                            0x2000003c   Data           4  main.o(.data)
    omegaR                                   0x20000040   Data           4  main.o(.data)
    omegaL                                   0x20000044   Data           4  main.o(.data)
    omegaR_SP                                0x20000048   Data           4  main.o(.data)
    omegaL_SP                                0x2000004c   Data           4  main.o(.data)
    PID_R                                    0x20000050   Data           4  main.o(.data)
    PID_L                                    0x20000054   Data           4  main.o(.data)
    theta                                    0x20000058   Data           4  main.o(.data)
    dis                                      0x2000005c   Data           4  main.o(.data)
    omega                                    0x20000060   Data           4  main.o(.data)
    Front_close                              0x20000064   Data           1  main.o(.data)
    Front_distant                            0x20000065   Data           1  main.o(.data)
    Turn_Left                                0x20000066   Data           1  main.o(.data)
    Turn_Right_RF                            0x20000067   Data           1  main.o(.data)
    Turn_Right_RB                            0x20000068   Data           1  main.o(.data)
    encL_cnt                                 0x2000006a   Data           2  main.o(.data)
    rpsR                                     0x2000006c   Data           4  main.o(.data)
    rpsL                                     0x20000070   Data           4  main.o(.data)
    Kp_R                                     0x20000074   Data           4  main.o(.data)
    Ki_R                                     0x20000078   Data           4  main.o(.data)
    Kd_R                                     0x2000007c   Data           4  main.o(.data)
    uk_R                                     0x20000080   Data           4  main.o(.data)
    uk_1_R                                   0x20000084   Data           4  main.o(.data)
    ek_R                                     0x20000088   Data           4  main.o(.data)
    ek_1_R                                   0x2000008c   Data           4  main.o(.data)
    ek_2_R                                   0x20000090   Data           4  main.o(.data)
    Kp_L                                     0x20000094   Data           4  main.o(.data)
    Ki_L                                     0x20000098   Data           4  main.o(.data)
    Kd_L                                     0x2000009c   Data           4  main.o(.data)
    uk_L                                     0x200000a0   Data           4  main.o(.data)
    uk_1_L                                   0x200000a4   Data           4  main.o(.data)
    ek_L                                     0x200000a8   Data           4  main.o(.data)
    ek_1_L                                   0x200000ac   Data           4  main.o(.data)
    ek_2_L                                   0x200000b0   Data           4  main.o(.data)
    distance_setpoint                        0x200000b4   Data           4  main.o(.data)
    v_setpoint                               0x200000b8   Data           4  main.o(.data)
    Kp_dis                                   0x200000bc   Data           4  main.o(.data)
    Ki_dis                                   0x200000c0   Data           4  main.o(.data)
    Kd_dis                                   0x200000c4   Data           4  main.o(.data)
    uk_dis                                   0x200000c8   Data           4  main.o(.data)
    uk_1_dis                                 0x200000cc   Data           4  main.o(.data)
    ek_dis                                   0x200000d0   Data           4  main.o(.data)
    ek_1_dis                                 0x200000d4   Data           4  main.o(.data)
    ek_2_dis                                 0x200000d8   Data           4  main.o(.data)
    PID_dis                                  0x200000dc   Data           4  main.o(.data)
    cnt_ms_ultrasonic                        0x200000e0   Data           2  stm32f1xx_it.o(.data)
    uwTickFreq                               0x200000e4   Data           1  stm32f1xx_hal.o(.data)
    uwTickPrio                               0x200000e8   Data           4  stm32f1xx_hal.o(.data)
    uwTick                                   0x200000ec   Data           4  stm32f1xx_hal.o(.data)
    SystemCoreClock                          0x200000f0   Data           4  system_stm32f1xx.o(.data)
    sample_ultrasonic_time_ms                0x200000f4   Data           4  pid.o(.data)
    r                                        0x200000f8   Data           4  pid.o(.data)
    b                                        0x200000fc   Data           4  pid.o(.data)
    fPWM_R                                   0x20000100   Data           4  pwm.o(.data)
    fPWM_L                                   0x20000104   Data           4  pwm.o(.data)
    hadc1                                    0x20000108   Data          48  main.o(.bss)
    hiwdg                                    0x20000138   Data          12  main.o(.bss)
    htim1                                    0x20000144   Data          72  main.o(.bss)
    htim2                                    0x2000018c   Data          72  main.o(.bss)
    htim3                                    0x200001d4   Data          72  main.o(.bss)
    htim4                                    0x2000021c   Data          72  main.o(.bss)
    huart2                                   0x20000264   Data          72  main.o(.bss)
    hdma_memtomem_dma1_channel1              0x200002ac   Data          68  main.o(.bss)
    hdma_usart2_tx                           0x200002f0   Data          68  main.o(.bss)
    __libspace_start                         0x20000334   Data          96  libspace.o(.bss)
    __temporary_stack_top$libspace           0x20000394   Data           0  libspace.o(.bss)



==============================================================================

Memory Map of the image

  Image Entry point : 0x080000ed

  Load Region LR_IROM1 (Base: 0x08000000, Size: 0x00004db0, Max: 0x00010000, ABSOLUTE)

    Execution Region ER_IROM1 (Exec base: 0x08000000, Load base: 0x08000000, Size: 0x00004ca8, Max: 0x00010000, ABSOLUTE)

    Exec Addr    Load Addr    Size         Type   Attr      Idx    E Section Name        Object

    0x08000000   0x08000000   0x000000ec   Data   RO            3    RESET               startup_stm32f103xb.o
    0x080000ec   0x080000ec   0x00000008   Code   RO         3641  * !!!main             c_w.l(__main.o)
    0x080000f4   0x080000f4   0x00000034   Code   RO         3936    !!!scatter          c_w.l(__scatter.o)
    0x08000128   0x08000128   0x0000001a   Code   RO         3938    !!handler_copy      c_w.l(__scatter_copy.o)
    0x08000142   0x08000142   0x00000002   PAD
    0x08000144   0x08000144   0x0000001c   Code   RO         3940    !!handler_zi        c_w.l(__scatter_zi.o)
    0x08000160   0x08000160   0x00000002   Code   RO         3805    .ARM.Collect$$libinit$$00000000  c_w.l(libinit.o)
    0x08000162   0x08000162   0x00000000   Code   RO         3811    .ARM.Collect$$libinit$$00000002  c_w.l(libinit2.o)
    0x08000162   0x08000162   0x00000000   Code   RO         3813    .ARM.Collect$$libinit$$00000004  c_w.l(libinit2.o)
    0x08000162   0x08000162   0x00000000   Code   RO         3816    .ARM.Collect$$libinit$$0000000A  c_w.l(libinit2.o)
    0x08000162   0x08000162   0x00000000   Code   RO         3818    .ARM.Collect$$libinit$$0000000C  c_w.l(libinit2.o)
    0x08000162   0x08000162   0x00000000   Code   RO         3820    .ARM.Collect$$libinit$$0000000E  c_w.l(libinit2.o)
    0x08000162   0x08000162   0x00000000   Code   RO         3823    .ARM.Collect$$libinit$$00000011  c_w.l(libinit2.o)
    0x08000162   0x08000162   0x00000000   Code   RO         3825    .ARM.Collect$$libinit$$00000013  c_w.l(libinit2.o)
    0x08000162   0x08000162   0x00000000   Code   RO         3827    .ARM.Collect$$libinit$$00000015  c_w.l(libinit2.o)
    0x08000162   0x08000162   0x00000000   Code   RO         3829    .ARM.Collect$$libinit$$00000017  c_w.l(libinit2.o)
    0x08000162   0x08000162   0x00000000   Code   RO         3831    .ARM.Collect$$libinit$$00000019  c_w.l(libinit2.o)
    0x08000162   0x08000162   0x00000000   Code   RO         3833    .ARM.Collect$$libinit$$0000001B  c_w.l(libinit2.o)
    0x08000162   0x08000162   0x00000000   Code   RO         3835    .ARM.Collect$$libinit$$0000001D  c_w.l(libinit2.o)
    0x08000162   0x08000162   0x00000000   Code   RO         3837    .ARM.Collect$$libinit$$0000001F  c_w.l(libinit2.o)
    0x08000162   0x08000162   0x00000000   Code   RO         3839    .ARM.Collect$$libinit$$00000021  c_w.l(libinit2.o)
    0x08000162   0x08000162   0x00000000   Code   RO         3841    .ARM.Collect$$libinit$$00000023  c_w.l(libinit2.o)
    0x08000162   0x08000162   0x00000000   Code   RO         3843    .ARM.Collect$$libinit$$00000025  c_w.l(libinit2.o)
    0x08000162   0x08000162   0x00000000   Code   RO         3847    .ARM.Collect$$libinit$$0000002C  c_w.l(libinit2.o)
    0x08000162   0x08000162   0x00000000   Code   RO         3849    .ARM.Collect$$libinit$$0000002E  c_w.l(libinit2.o)
    0x08000162   0x08000162   0x00000000   Code   RO         3851    .ARM.Collect$$libinit$$00000030  c_w.l(libinit2.o)
    0x08000162   0x08000162   0x00000000   Code   RO         3853    .ARM.Collect$$libinit$$00000032  c_w.l(libinit2.o)
    0x08000162   0x08000162   0x00000002   Code   RO         3854    .ARM.Collect$$libinit$$00000033  c_w.l(libinit2.o)
    0x08000164   0x08000164   0x00000002   Code   RO         3874    .ARM.Collect$$libshutdown$$00000000  c_w.l(libshutdown.o)
    0x08000166   0x08000166   0x00000000   Code   RO         3887    .ARM.Collect$$libshutdown$$00000002  c_w.l(libshutdown2.o)
    0x08000166   0x08000166   0x00000000   Code   RO         3889    .ARM.Collect$$libshutdown$$00000004  c_w.l(libshutdown2.o)
    0x08000166   0x08000166   0x00000000   Code   RO         3891    .ARM.Collect$$libshutdown$$00000006  c_w.l(libshutdown2.o)
    0x08000166   0x08000166   0x00000000   Code   RO         3894    .ARM.Collect$$libshutdown$$00000009  c_w.l(libshutdown2.o)
    0x08000166   0x08000166   0x00000000   Code   RO         3897    .ARM.Collect$$libshutdown$$0000000C  c_w.l(libshutdown2.o)
    0x08000166   0x08000166   0x00000000   Code   RO         3899    .ARM.Collect$$libshutdown$$0000000E  c_w.l(libshutdown2.o)
    0x08000166   0x08000166   0x00000000   Code   RO         3902    .ARM.Collect$$libshutdown$$00000011  c_w.l(libshutdown2.o)
    0x08000166   0x08000166   0x00000002   Code   RO         3903    .ARM.Collect$$libshutdown$$00000012  c_w.l(libshutdown2.o)
    0x08000168   0x08000168   0x00000000   Code   RO         3709    .ARM.Collect$$rtentry$$00000000  c_w.l(__rtentry.o)
    0x08000168   0x08000168   0x00000000   Code   RO         3766    .ARM.Collect$$rtentry$$00000002  c_w.l(__rtentry2.o)
    0x08000168   0x08000168   0x00000006   Code   RO         3778    .ARM.Collect$$rtentry$$00000004  c_w.l(__rtentry4.o)
    0x0800016e   0x0800016e   0x00000000   Code   RO         3768    .ARM.Collect$$rtentry$$00000009  c_w.l(__rtentry2.o)
    0x0800016e   0x0800016e   0x00000004   Code   RO         3769    .ARM.Collect$$rtentry$$0000000A  c_w.l(__rtentry2.o)
    0x08000172   0x08000172   0x00000000   Code   RO         3771    .ARM.Collect$$rtentry$$0000000C  c_w.l(__rtentry2.o)
    0x08000172   0x08000172   0x00000008   Code   RO         3772    .ARM.Collect$$rtentry$$0000000D  c_w.l(__rtentry2.o)
    0x0800017a   0x0800017a   0x00000002   Code   RO         3808    .ARM.Collect$$rtexit$$00000000  c_w.l(rtexit.o)
    0x0800017c   0x0800017c   0x00000000   Code   RO         3856    .ARM.Collect$$rtexit$$00000002  c_w.l(rtexit2.o)
    0x0800017c   0x0800017c   0x00000004   Code   RO         3857    .ARM.Collect$$rtexit$$00000003  c_w.l(rtexit2.o)
    0x08000180   0x08000180   0x00000006   Code   RO         3858    .ARM.Collect$$rtexit$$00000004  c_w.l(rtexit2.o)
    0x08000186   0x08000186   0x00000002   PAD
    0x08000188   0x08000188   0x00000040   Code   RO            4    .text               startup_stm32f103xb.o
    0x080001c8   0x080001c8   0x0000004e   Code   RO         3637    .text               c_w.l(rt_memclr_w.o)
    0x08000216   0x08000216   0x00000006   Code   RO         3639    .text               c_w.l(heapauxi.o)
    0x0800021c   0x0800021c   0x00000016   Code   RO         3710    .text               c_w.l(_rserrno.o)
    0x08000232   0x08000232   0x00000002   PAD
    0x08000234   0x08000234   0x00000008   Code   RO         3783    .text               c_w.l(rt_errno_addr_intlibspace.o)
    0x0800023c   0x0800023c   0x00000008   Code   RO         3793    .text               c_w.l(libspace.o)
    0x08000244   0x08000244   0x0000004a   Code   RO         3796    .text               c_w.l(sys_stackheap_outer.o)
    0x0800028e   0x0800028e   0x00000012   Code   RO         3798    .text               c_w.l(exit.o)
    0x080002a0   0x080002a0   0x0000000c   Code   RO         3866    .text               c_w.l(sys_exit.o)
    0x080002ac   0x080002ac   0x00000002   Code   RO         3877    .text               c_w.l(use_no_semi.o)
    0x080002ae   0x080002ae   0x00000000   Code   RO         3879    .text               c_w.l(indicate_semi.o)
    0x080002ae   0x080002ae   0x00000002   PAD
    0x080002b0   0x080002b0   0x00000056   Code   RO          531    i.ADC_ConversionStop_Disable  stm32f1xx_hal_adc.o
    0x08000306   0x08000306   0x00000002   Code   RO          297    i.BusFault_Handler  stm32f1xx_it.o
    0x08000308   0x08000308   0x0000000c   Code   RO          298    i.DMA1_Channel7_IRQHandler  stm32f1xx_it.o
    0x08000314   0x08000314   0x00000002   Code   RO          299    i.DebugMon_Handler  stm32f1xx_it.o
    0x08000316   0x08000316   0x00000002   PAD
    0x08000318   0x08000318   0x00000100   Code   RO         3189    i.Encoder_processing_ver1  encoder.o
    0x08000418   0x08000418   0x00000004   Code   RO           13    i.Error_Handler     main.o
    0x0800041c   0x0800041c   0x000000fc   Code   RO          537    i.HAL_ADC_ConfigChannel  stm32f1xx_hal_adc.o
    0x08000518   0x08000518   0x0000011c   Code   RO          546    i.HAL_ADC_Init      stm32f1xx_hal_adc.o
    0x08000634   0x08000634   0x00000058   Code   RO          405    i.HAL_ADC_MspInit   stm32f1xx_hal_msp.o
    0x0800068c   0x0800068c   0x00000154   Code   RO         1193    i.HAL_DMA_IRQHandler  stm32f1xx_hal_dma.o
    0x080007e0   0x080007e0   0x0000005c   Code   RO         1194    i.HAL_DMA_Init      stm32f1xx_hal_dma.o
    0x0800083c   0x0800083c   0x00000024   Code   RO          814    i.HAL_Delay         stm32f1xx_hal.o
    0x08000860   0x08000860   0x000001e0   Code   RO         1124    i.HAL_GPIO_Init     stm32f1xx_hal_gpio.o
    0x08000a40   0x08000a40   0x0000000a   Code   RO         1128    i.HAL_GPIO_WritePin  stm32f1xx_hal_gpio.o
    0x08000a4a   0x08000a4a   0x00000002   PAD
    0x08000a4c   0x08000a4c   0x0000000c   Code   RO          818    i.HAL_GetTick       stm32f1xx_hal.o
    0x08000a58   0x08000a58   0x0000005a   Code   RO         1784    i.HAL_IWDG_Init     stm32f1xx_hal_iwdg.o
    0x08000ab2   0x08000ab2   0x0000000c   Code   RO         1785    i.HAL_IWDG_Refresh  stm32f1xx_hal_iwdg.o
    0x08000abe   0x08000abe   0x00000002   PAD
    0x08000ac0   0x08000ac0   0x00000010   Code   RO          824    i.HAL_IncTick       stm32f1xx_hal.o
    0x08000ad0   0x08000ad0   0x00000024   Code   RO          825    i.HAL_Init          stm32f1xx_hal.o
    0x08000af4   0x08000af4   0x00000040   Code   RO          826    i.HAL_InitTick      stm32f1xx_hal.o
    0x08000b34   0x08000b34   0x0000003c   Code   RO          406    i.HAL_MspInit       stm32f1xx_hal_msp.o
    0x08000b70   0x08000b70   0x0000001a   Code   RO         1284    i.HAL_NVIC_EnableIRQ  stm32f1xx_hal_cortex.o
    0x08000b8a   0x08000b8a   0x00000002   PAD
    0x08000b8c   0x08000b8c   0x00000040   Code   RO         1290    i.HAL_NVIC_SetPriority  stm32f1xx_hal_cortex.o
    0x08000bcc   0x08000bcc   0x00000024   Code   RO         1291    i.HAL_NVIC_SetPriorityGrouping  stm32f1xx_hal_cortex.o
    0x08000bf0   0x08000bf0   0x000000ec   Code   RO         1086    i.HAL_RCCEx_PeriphCLKConfig  stm32f1xx_hal_rcc_ex.o
    0x08000cdc   0x08000cdc   0x0000012c   Code   RO          982    i.HAL_RCC_ClockConfig  stm32f1xx_hal_rcc.o
    0x08000e08   0x08000e08   0x00000020   Code   RO          989    i.HAL_RCC_GetPCLK1Freq  stm32f1xx_hal_rcc.o
    0x08000e28   0x08000e28   0x00000020   Code   RO          990    i.HAL_RCC_GetPCLK2Freq  stm32f1xx_hal_rcc.o
    0x08000e48   0x08000e48   0x0000004c   Code   RO          991    i.HAL_RCC_GetSysClockFreq  stm32f1xx_hal_rcc.o
    0x08000e94   0x08000e94   0x00000320   Code   RO          994    i.HAL_RCC_OscConfig  stm32f1xx_hal_rcc.o
    0x080011b4   0x080011b4   0x00000028   Code   RO         1295    i.HAL_SYSTICK_Config  stm32f1xx_hal_cortex.o
    0x080011dc   0x080011dc   0x00000002   Code   RO         2520    i.HAL_TIMEx_BreakCallback  stm32f1xx_hal_tim_ex.o
    0x080011de   0x080011de   0x00000002   Code   RO         2521    i.HAL_TIMEx_CommutCallback  stm32f1xx_hal_tim_ex.o
    0x080011e0   0x080011e0   0x00000068   Code   RO         2539    i.HAL_TIMEx_MasterConfigSynchronization  stm32f1xx_hal_tim_ex.o
    0x08001248   0x08001248   0x00000058   Code   RO         1821    i.HAL_TIM_Base_Start_IT  stm32f1xx_hal_tim.o
    0x080012a0   0x080012a0   0x000000a4   Code   RO         1837    i.HAL_TIM_Encoder_Init  stm32f1xx_hal_tim.o
    0x08001344   0x08001344   0x000000ac   Code   RO          408    i.HAL_TIM_Encoder_MspInit  stm32f1xx_hal_msp.o
    0x080013f0   0x080013f0   0x000000b6   Code   RO         1842    i.HAL_TIM_Encoder_Start_IT  stm32f1xx_hal_tim.o
    0x080014a6   0x080014a6   0x00000002   PAD
    0x080014a8   0x080014a8   0x00000268   Code   RO           14    i.HAL_TIM_IC_CaptureCallback  main.o
    0x08001710   0x08001710   0x00000124   Code   RO         1852    i.HAL_TIM_IC_ConfigChannel  stm32f1xx_hal_tim.o
    0x08001834   0x08001834   0x0000005a   Code   RO         1855    i.HAL_TIM_IC_Init   stm32f1xx_hal_tim.o
    0x0800188e   0x0800188e   0x00000002   PAD
    0x08001890   0x08001890   0x00000078   Code   RO          410    i.HAL_TIM_IC_MspInit  stm32f1xx_hal_msp.o
    0x08001908   0x08001908   0x000000e4   Code   RO         1860    i.HAL_TIM_IC_Start_IT  stm32f1xx_hal_tim.o
    0x080019ec   0x080019ec   0x00000166   Code   RO         1864    i.HAL_TIM_IRQHandler  stm32f1xx_hal_tim.o
    0x08001b52   0x08001b52   0x00000002   PAD
    0x08001b54   0x08001b54   0x0000004c   Code   RO          411    i.HAL_TIM_MspPostInit  stm32f1xx_hal_msp.o
    0x08001ba0   0x08001ba0   0x00000002   Code   RO         1867    i.HAL_TIM_OC_DelayElapsedCallback  stm32f1xx_hal_tim.o
    0x08001ba2   0x08001ba2   0x000000cc   Code   RO         1888    i.HAL_TIM_PWM_ConfigChannel  stm32f1xx_hal_tim.o
    0x08001c6e   0x08001c6e   0x0000005a   Code   RO         1891    i.HAL_TIM_PWM_Init  stm32f1xx_hal_tim.o
    0x08001cc8   0x08001cc8   0x00000028   Code   RO          413    i.HAL_TIM_PWM_MspInit  stm32f1xx_hal_msp.o
    0x08001cf0   0x08001cf0   0x00000002   Code   RO         1894    i.HAL_TIM_PWM_PulseFinishedCallback  stm32f1xx_hal_tim.o
    0x08001cf2   0x08001cf2   0x00000002   PAD
    0x08001cf4   0x08001cf4   0x0000009c   Code   RO         1896    i.HAL_TIM_PWM_Start  stm32f1xx_hal_tim.o
    0x08001d90   0x08001d90   0x00000040   Code   RO           15    i.HAL_TIM_PeriodElapsedCallback  main.o
    0x08001dd0   0x08001dd0   0x0000002a   Code   RO         1904    i.HAL_TIM_ReadCapturedValue  stm32f1xx_hal_tim.o
    0x08001dfa   0x08001dfa   0x00000002   Code   RO         1907    i.HAL_TIM_TriggerCallback  stm32f1xx_hal_tim.o
    0x08001dfc   0x08001dfc   0x00000064   Code   RO         2817    i.HAL_UART_Init     stm32f1xx_hal_uart.o
    0x08001e60   0x08001e60   0x000000a4   Code   RO          415    i.HAL_UART_MspInit  stm32f1xx_hal_msp.o
    0x08001f04   0x08001f04   0x00000002   Code   RO          300    i.HardFault_Handler  stm32f1xx_it.o
    0x08001f06   0x08001f06   0x00000002   PAD
    0x08001f08   0x08001f08   0x00000020   Code   RO         3531    i.Left_forward      controlmotor.o
    0x08001f28   0x08001f28   0x00000050   Code   RO           16    i.MX_ADC1_Init      main.o
    0x08001f78   0x08001f78   0x00000060   Code   RO           17    i.MX_DMA_Init       main.o
    0x08001fd8   0x08001fd8   0x000000ac   Code   RO           18    i.MX_GPIO_Init      main.o
    0x08002084   0x08002084   0x00000090   Code   RO           19    i.MX_TIM1_Init      main.o
    0x08002114   0x08002114   0x00000068   Code   RO           20    i.MX_TIM2_Init      main.o
    0x0800217c   0x0800217c   0x0000006c   Code   RO           21    i.MX_TIM3_Init      main.o
    0x080021e8   0x080021e8   0x00000080   Code   RO           22    i.MX_TIM4_Init      main.o
    0x08002268   0x08002268   0x00000002   Code   RO          301    i.MemManage_Handler  stm32f1xx_it.o
    0x0800226a   0x0800226a   0x00000002   Code   RO          302    i.NMI_Handler       stm32f1xx_it.o
    0x0800226c   0x0800226c   0x00000104   Code   RO         3444    i.PID_L_control     pid.o
    0x08002370   0x08002370   0x00000104   Code   RO         3445    i.PID_R_control     pid.o
    0x08002474   0x08002474   0x00000104   Code   RO         3446    i.PID_distance      pid.o
    0x08002578   0x08002578   0x00000080   Code   RO         3447    i.PIDtoOmega        pid.o
    0x080025f8   0x080025f8   0x00000070   Code   RO         3490    i.PIDtoPWM_L_ver1   pwm.o
    0x08002668   0x08002668   0x00000064   Code   RO         3492    i.PIDtoPWM_R_ver1   pwm.o
    0x080026cc   0x080026cc   0x00000002   Code   RO          303    i.PendSV_Handler    stm32f1xx_it.o
    0x080026ce   0x080026ce   0x00000002   PAD
    0x080026d0   0x080026d0   0x00000024   Code   RO         3534    i.Right_forward     controlmotor.o
    0x080026f4   0x080026f4   0x00000002   Code   RO          304    i.SVC_Handler       stm32f1xx_it.o
    0x080026f6   0x080026f6   0x00000002   PAD
    0x080026f8   0x080026f8   0x00000024   Code   RO          305    i.SysTick_Handler   stm32f1xx_it.o
    0x0800271c   0x0800271c   0x00000080   Code   RO           23    i.SystemClock_Config  main.o
    0x0800279c   0x0800279c   0x00000002   Code   RO         3151    i.SystemInit        system_stm32f1xx.o
    0x0800279e   0x0800279e   0x00000002   PAD
    0x080027a0   0x080027a0   0x0000000c   Code   RO          306    i.TIM1_CC_IRQHandler  stm32f1xx_it.o
    0x080027ac   0x080027ac   0x0000000c   Code   RO          307    i.TIM1_UP_IRQHandler  stm32f1xx_it.o
    0x080027b8   0x080027b8   0x0000000c   Code   RO          308    i.TIM2_IRQHandler   stm32f1xx_it.o
    0x080027c4   0x080027c4   0x0000000c   Code   RO          309    i.TIM3_IRQHandler   stm32f1xx_it.o
    0x080027d0   0x080027d0   0x0000006c   Code   RO         1909    i.TIM_Base_SetConfig  stm32f1xx_hal_tim.o
    0x0800283c   0x0800283c   0x0000001a   Code   RO         1910    i.TIM_CCxChannelCmd  stm32f1xx_hal_tim.o
    0x08002856   0x08002856   0x00000002   PAD
    0x08002858   0x08002858   0x00000050   Code   RO         1922    i.TIM_OC1_SetConfig  stm32f1xx_hal_tim.o
    0x080028a8   0x080028a8   0x00000058   Code   RO         1923    i.TIM_OC2_SetConfig  stm32f1xx_hal_tim.o
    0x08002900   0x08002900   0x00000058   Code   RO         1924    i.TIM_OC3_SetConfig  stm32f1xx_hal_tim.o
    0x08002958   0x08002958   0x00000044   Code   RO         1925    i.TIM_OC4_SetConfig  stm32f1xx_hal_tim.o
    0x0800299c   0x0800299c   0x00000058   Code   RO         1928    i.TIM_TI1_SetConfig  stm32f1xx_hal_tim.o
    0x080029f4   0x080029f4   0x00000036   Code   RO         1930    i.TIM_TI2_SetConfig  stm32f1xx_hal_tim.o
    0x08002a2a   0x08002a2a   0x00000002   PAD
    0x08002a2c   0x08002a2c   0x000000b8   Code   RO         2843    i.UART_SetConfig    stm32f1xx_hal_uart.o
    0x08002ae4   0x08002ae4   0x00000098   Code   RO         3401    i.Ultrasonic_Front_Read  ultrasonic.o
    0x08002b7c   0x08002b7c   0x0000006c   Code   RO         3402    i.Ultrasonic_RightBack_Read  ultrasonic.o
    0x08002be8   0x08002be8   0x0000006c   Code   RO         3403    i.Ultrasonic_RightFront_Read  ultrasonic.o
    0x08002c54   0x08002c54   0x00000084   Code   RO         3404    i.Ultrasonic_getData  ultrasonic.o
    0x08002cd8   0x08002cd8   0x00000002   Code   RO          310    i.UsageFault_Handler  stm32f1xx_it.o
    0x08002cda   0x08002cda   0x00000028   Code   RO         3750    i.__ARM_fpclassify  m_ws.l(fpclassify.o)
    0x08002d02   0x08002d02   0x00000020   Code   RO         1297    i.__NVIC_SetPriority  stm32f1xx_hal_cortex.o
    0x08002d22   0x08002d22   0x00000002   PAD
    0x08002d24   0x08002d24   0x00000388   Code   RO         3754    i.__ieee754_rem_pio2  m_ws.l(rred.o)
    0x080030ac   0x080030ac   0x000000fc   Code   RO         3733    i.__kernel_cos      m_ws.l(cos_i.o)
    0x080031a8   0x080031a8   0x000000aa   Code   RO         3752    i.__kernel_poly     m_ws.l(poly.o)
    0x08003252   0x08003252   0x00000002   PAD
    0x08003254   0x08003254   0x000000ec   Code   RO         3759    i.__kernel_sin      m_ws.l(sin_i.o)
    0x08003340   0x08003340   0x00000006   Code   RO         3737    i.__mathlib_dbl_infnan  m_ws.l(dunder.o)
    0x08003346   0x08003346   0x0000000c   Code   RO         3739    i.__mathlib_dbl_invalid  m_ws.l(dunder.o)
    0x08003352   0x08003352   0x00000002   PAD
    0x08003354   0x08003354   0x00000010   Code   RO         3742    i.__mathlib_dbl_underflow  m_ws.l(dunder.o)
    0x08003364   0x08003364   0x00000220   Code   RO         3690    i.atan              m_ws.l(atan.o)
    0x08003584   0x08003584   0x0000009c   Code   RO         3700    i.cos               m_ws.l(cos.o)
    0x08003620   0x08003620   0x000000fc   Code   RO           24    i.main              main.o
    0x0800371c   0x0800371c   0x00000072   Code   RO         3707    i.roundf            m_ws.l(roundf.o)
    0x0800378e   0x0800378e   0x00000002   PAD
    0x08003790   0x08003790   0x000001b0   Code   RO         3311    i.sample_all_ver4   takesample.o
    0x08003940   0x08003940   0x00000062   Code   RO         3643    x$fpl$d2f           fz_ws.l(d2f.o)
    0x080039a2   0x080039a2   0x00000002   PAD
    0x080039a4   0x080039a4   0x00000150   Code   RO         3645    x$fpl$dadd          fz_ws.l(daddsub_clz.o)
    0x08003af4   0x08003af4   0x00000010   Code   RO         3785    x$fpl$dcheck1       fz_ws.l(dcheck1.o)
    0x08003b04   0x08003b04   0x000002b0   Code   RO         3713    x$fpl$ddiv          fz_ws.l(ddiv.o)
    0x08003db4   0x08003db4   0x0000005e   Code   RO         3787    x$fpl$dfix          fz_ws.l(dfix.o)
    0x08003e12   0x08003e12   0x0000002e   Code   RO         3652    x$fpl$dflt          fz_ws.l(dflt_clz.o)
    0x08003e40   0x08003e40   0x00000026   Code   RO         3651    x$fpl$dfltu         fz_ws.l(dflt_clz.o)
    0x08003e66   0x08003e66   0x00000002   PAD
    0x08003e68   0x08003e68   0x00000154   Code   RO         3657    x$fpl$dmul          fz_ws.l(dmul.o)
    0x08003fbc   0x08003fbc   0x0000009c   Code   RO         3716    x$fpl$dnaninf       fz_ws.l(dnaninf.o)
    0x08004058   0x08004058   0x0000000c   Code   RO         3718    x$fpl$dretinf       fz_ws.l(dretinf.o)
    0x08004064   0x08004064   0x00000016   Code   RO         3646    x$fpl$drsb          fz_ws.l(daddsub_clz.o)
    0x0800407a   0x0800407a   0x00000002   PAD
    0x0800407c   0x0800407c   0x000001d4   Code   RO         3647    x$fpl$dsub          fz_ws.l(daddsub_clz.o)
    0x08004250   0x08004250   0x00000056   Code   RO         3659    x$fpl$f2d           fz_ws.l(f2d.o)
    0x080042a6   0x080042a6   0x00000002   PAD
    0x080042a8   0x080042a8   0x000000c4   Code   RO         3661    x$fpl$fadd          fz_ws.l(faddsub_clz.o)
    0x0800436c   0x0800436c   0x0000000c   Code   RO         3720    x$fpl$fcheck1       fz_ws.l(fcheck1.o)
    0x08004378   0x08004378   0x00000018   Code   RO         3722    x$fpl$fcmpinf       fz_ws.l(fcmpi.o)
    0x08004390   0x08004390   0x00000184   Code   RO         3668    x$fpl$fdiv          fz_ws.l(fdiv.o)
    0x08004514   0x08004514   0x0000003e   Code   RO         3671    x$fpl$ffixu         fz_ws.l(ffixu.o)
    0x08004552   0x08004552   0x00000002   PAD
    0x08004554   0x08004554   0x00000030   Code   RO         3676    x$fpl$fflt          fz_ws.l(fflt_clz.o)
    0x08004584   0x08004584   0x00000068   Code   RO         3681    x$fpl$fleqf         fz_ws.l(fleqf.o)
    0x080045ec   0x080045ec   0x00000102   Code   RO         3683    x$fpl$fmul          fz_ws.l(fmul.o)
    0x080046ee   0x080046ee   0x0000008c   Code   RO         3724    x$fpl$fnaninf       fz_ws.l(fnaninf.o)
    0x0800477a   0x0800477a   0x0000000a   Code   RO         3726    x$fpl$fretinf       fz_ws.l(fretinf.o)
    0x08004784   0x08004784   0x00000062   Code   RO         3685    x$fpl$frleqf        fz_ws.l(frleqf.o)
    0x080047e6   0x080047e6   0x00000002   PAD
    0x080047e8   0x080047e8   0x00000060   Code   RO         3728    x$fpl$frnd          fz_ws.l(frnd.o)
    0x08004848   0x08004848   0x00000014   Code   RO         3662    x$fpl$frsb          fz_ws.l(faddsub_clz.o)
    0x0800485c   0x0800485c   0x000000ea   Code   RO         3663    x$fpl$fsub          fz_ws.l(faddsub_clz.o)
    0x08004946   0x08004946   0x00000064   Code   RO         3791    x$fpl$retnan        fz_ws.l(retnan.o)
    0x080049aa   0x080049aa   0x0000005c   Code   RO         3730    x$fpl$scalbn        fz_ws.l(scalbn.o)
    0x08004a06   0x08004a06   0x0000004c   Code   RO         3687    x$fpl$scalbnf       fz_ws.l(scalbnf.o)
    0x08004a52   0x08004a52   0x00000030   Code   RO         3806    x$fpl$trapveneer    fz_ws.l(trapv.o)
    0x08004a82   0x08004a82   0x00000000   Code   RO         3732    x$fpl$usenofp       fz_ws.l(usenofp.o)
    0x08004a82   0x08004a82   0x00000002   PAD
    0x08004a84   0x08004a84   0x00000004   Data   RO           27    .constdata          main.o
    0x08004a88   0x08004a88   0x00000004   Data   RO           28    .constdata          main.o
    0x08004a8c   0x08004a8c   0x00000004   Data   RO           29    .constdata          main.o
    0x08004a90   0x08004a90   0x00000004   Data   RO           30    .constdata          main.o
    0x08004a94   0x08004a94   0x00000004   Data   RO           31    .constdata          main.o
    0x08004a98   0x08004a98   0x00000004   Data   RO           32    .constdata          main.o
    0x08004a9c   0x08004a9c   0x00000004   Data   RO           33    .constdata          main.o
    0x08004aa0   0x08004aa0   0x00000012   Data   RO          995    .constdata          stm32f1xx_hal_rcc.o
    0x08004ab2   0x08004ab2   0x00000010   Data   RO         3152    .constdata          system_stm32f1xx.o
    0x08004ac2   0x08004ac2   0x00000008   Data   RO         3153    .constdata          system_stm32f1xx.o
    0x08004aca   0x08004aca   0x00000006   PAD
    0x08004ad0   0x08004ad0   0x00000098   Data   RO         3691    .constdata          m_ws.l(atan.o)
    0x08004b68   0x08004b68   0x00000030   Data   RO         3734    .constdata          m_ws.l(cos_i.o)
    0x08004b98   0x08004b98   0x000000c8   Data   RO         3756    .constdata          m_ws.l(rred.o)
    0x08004c60   0x08004c60   0x00000028   Data   RO         3760    .constdata          m_ws.l(sin_i.o)
    0x08004c88   0x08004c88   0x00000020   Data   RO         3934    Region$$Table       anon$$obj.o


    Execution Region RW_IRAM1 (Exec base: 0x20000000, Load base: 0x08004ca8, Size: 0x00000998, Max: 0x00005000, ABSOLUTE)

    Exec Addr    Load Addr    Size         Type   Attr      Idx    E Section Name        Object

    0x20000000   0x08004ca8   0x00000001   Data   RW           34    .data               main.o
    0x20000001   0x08004ca9   0x00000003   PAD
    0x20000004   0x08004cac   0x00000004   Data   RW           36    .data               main.o
    0x20000008   0x08004cb0   0x00000050   Data   RW           38    .data               main.o
    0x20000058   0x08004d00   0x00000004   Data   RW           39    .data               main.o
    0x2000005c   0x08004d04   0x00000004   Data   RW           40    .data               main.o
    0x20000060   0x08004d08   0x00000004   Data   RW           41    .data               main.o
    0x20000064   0x08004d0c   0x00000001   Data   RW           42    .data               main.o
    0x20000065   0x08004d0d   0x00000001   Data   RW           43    .data               main.o
    0x20000066   0x08004d0e   0x00000001   Data   RW           44    .data               main.o
    0x20000067   0x08004d0f   0x00000001   Data   RW           45    .data               main.o
    0x20000068   0x08004d10   0x00000001   Data   RW           46    .data               main.o
    0x20000069   0x08004d11   0x00000001   PAD
    0x2000006a   0x08004d12   0x00000002   Data   RW           55    .data               main.o
    0x2000006c   0x08004d14   0x00000004   Data   RW           60    .data               main.o
    0x20000070   0x08004d18   0x00000004   Data   RW           61    .data               main.o
    0x20000074   0x08004d1c   0x00000004   Data   RW           62    .data               main.o
    0x20000078   0x08004d20   0x00000004   Data   RW           63    .data               main.o
    0x2000007c   0x08004d24   0x00000004   Data   RW           64    .data               main.o
    0x20000080   0x08004d28   0x00000004   Data   RW           65    .data               main.o
    0x20000084   0x08004d2c   0x00000004   Data   RW           66    .data               main.o
    0x20000088   0x08004d30   0x00000004   Data   RW           67    .data               main.o
    0x2000008c   0x08004d34   0x00000004   Data   RW           68    .data               main.o
    0x20000090   0x08004d38   0x00000004   Data   RW           69    .data               main.o
    0x20000094   0x08004d3c   0x00000004   Data   RW           70    .data               main.o
    0x20000098   0x08004d40   0x00000004   Data   RW           71    .data               main.o
    0x2000009c   0x08004d44   0x00000004   Data   RW           72    .data               main.o
    0x200000a0   0x08004d48   0x00000004   Data   RW           73    .data               main.o
    0x200000a4   0x08004d4c   0x00000004   Data   RW           74    .data               main.o
    0x200000a8   0x08004d50   0x00000004   Data   RW           75    .data               main.o
    0x200000ac   0x08004d54   0x00000004   Data   RW           76    .data               main.o
    0x200000b0   0x08004d58   0x00000004   Data   RW           77    .data               main.o
    0x200000b4   0x08004d5c   0x00000004   Data   RW           78    .data               main.o
    0x200000b8   0x08004d60   0x00000004   Data   RW           79    .data               main.o
    0x200000bc   0x08004d64   0x00000004   Data   RW           80    .data               main.o
    0x200000c0   0x08004d68   0x00000004   Data   RW           81    .data               main.o
    0x200000c4   0x08004d6c   0x00000004   Data   RW           82    .data               main.o
    0x200000c8   0x08004d70   0x00000004   Data   RW           83    .data               main.o
    0x200000cc   0x08004d74   0x00000004   Data   RW           84    .data               main.o
    0x200000d0   0x08004d78   0x00000004   Data   RW           85    .data               main.o
    0x200000d4   0x08004d7c   0x00000004   Data   RW           86    .data               main.o
    0x200000d8   0x08004d80   0x00000004   Data   RW           87    .data               main.o
    0x200000dc   0x08004d84   0x00000004   Data   RW           88    .data               main.o
    0x200000e0   0x08004d88   0x00000002   Data   RW          312    .data               stm32f1xx_it.o
    0x200000e2   0x08004d8a   0x00000002   PAD
    0x200000e4   0x08004d8c   0x0000000c   Data   RW          832    .data               stm32f1xx_hal.o
    0x200000f0   0x08004d98   0x00000004   Data   RW         3154    .data               system_stm32f1xx.o
    0x200000f4   0x08004d9c   0x0000000c   Data   RW         3448    .data               pid.o
    0x20000100   0x08004da8   0x00000008   Data   RW         3493    .data               pwm.o
    0x20000108        -       0x000001e8   Zero   RW           25    .bss                main.o
    0x200002f0        -       0x00000044   Zero   RW           26    .bss                main.o
    0x20000334        -       0x00000060   Zero   RW         3794    .bss                c_w.l(libspace.o)
    0x20000394   0x08004db0   0x00000004   PAD
    0x20000398        -       0x00000200   Zero   RW            2    HEAP                startup_stm32f103xb.o
    0x20000598        -       0x00000400   Zero   RW            1    STACK               startup_stm32f103xb.o


==============================================================================

Image component sizes


      Code (inc. data)   RO Data    RW Data    ZI Data      Debug   Object Name

        68         10          0          0          0       1055   controlmotor.o
       256         56          0          0          0        610   encoder.o
      1896        130         28        220        556     455385   main.o
       908        186          0         12          0       3064   pid.o
       212         42          0          8          0       1508   pwm.o
        64         26        236          0       1536        852   startup_stm32f103xb.o
       164         28          0         12          0       6221   stm32f1xx_hal.o
       622         24          0          0          0       3460   stm32f1xx_hal_adc.o
       198         14          0          0          0      29231   stm32f1xx_hal_cortex.o
       432         32          0          0          0       2116   stm32f1xx_hal_dma.o
       490         34          0          0          0       3012   stm32f1xx_hal_gpio.o
       102          0          0          0          0       1955   stm32f1xx_hal_iwdg.o
       720         92          0          0          0       5395   stm32f1xx_hal_msp.o
      1240         84         18          0          0       5352   stm32f1xx_hal_rcc.o
       236         12          0          0          0       1460   stm32f1xx_hal_rcc_ex.o
      2500         82          0          0          0      19060   stm32f1xx_hal_tim.o
       108         12          0          0          0       2561   stm32f1xx_hal_tim_ex.o
       284          6          0          0          0       2048   stm32f1xx_hal_uart.o
       112         38          0          2          0       7813   stm32f1xx_it.o
         2          0         24          4          0       1239   system_stm32f1xx.o
       432         66          0          0          0        654   takesample.o
       500        110          0          0          0       2386   ultrasonic.o

    ----------------------------------------------------------------------
     11576       1084        344        264       2092     556437   Object Totals
         0          0         32          0          0          0   (incl. Generated)
        30          0          6          6          0          0   (incl. Padding)

    ----------------------------------------------------------------------

      Code (inc. data)   RO Data    RW Data    ZI Data      Debug   Library Member Name

         8          0          0          0          0         68   __main.o
         0          0          0          0          0          0   __rtentry.o
        12          0          0          0          0          0   __rtentry2.o
         6          0          0          0          0          0   __rtentry4.o
        52          8          0          0          0          0   __scatter.o
        26          0          0          0          0          0   __scatter_copy.o
        28          0          0          0          0          0   __scatter_zi.o
        22          0          0          0          0        100   _rserrno.o
        18          0          0          0          0         80   exit.o
         6          0          0          0          0        152   heapauxi.o
         0          0          0          0          0          0   indicate_semi.o
         2          0          0          0          0          0   libinit.o
         2          0          0          0          0          0   libinit2.o
         2          0          0          0          0          0   libshutdown.o
         2          0          0          0          0          0   libshutdown2.o
         8          4          0          0         96         68   libspace.o
         8          4          0          0          0         68   rt_errno_addr_intlibspace.o
        78          0          0          0          0         80   rt_memclr_w.o
         2          0          0          0          0          0   rtexit.o
        10          0          0          0          0          0   rtexit2.o
        12          4          0          0          0         68   sys_exit.o
        74          0          0          0          0         80   sys_stackheap_outer.o
         2          0          0          0          0         68   use_no_semi.o
        98          4          0          0          0         92   d2f.o
       826         16          0          0          0        348   daddsub_clz.o
        16          4          0          0          0         68   dcheck1.o
       688        140          0          0          0        208   ddiv.o
        94          4          0          0          0         92   dfix.o
        84          0          0          0          0        136   dflt_clz.o
       340         12          0          0          0        104   dmul.o
       156          4          0          0          0         92   dnaninf.o
        12          0          0          0          0         68   dretinf.o
        86          4          0          0          0         84   f2d.o
       450          8          0          0          0        236   faddsub_clz.o
        12          4          0          0          0         68   fcheck1.o
        24          0          0          0          0         68   fcmpi.o
       388         76          0          0          0         96   fdiv.o
        62          4          0          0          0         84   ffixu.o
        48          0          0          0          0         68   fflt_clz.o
       104          4          0          0          0         84   fleqf.o
       258          4          0          0          0         84   fmul.o
       140          4          0          0          0         84   fnaninf.o
        10          0          0          0          0         68   fretinf.o
        98          0          0          0          0         68   frleqf.o
        96          4          0          0          0         76   frnd.o
       100          0          0          0          0         68   retnan.o
        92          0          0          0          0         68   scalbn.o
        76          0          0          0          0         68   scalbnf.o
        48          0          0          0          0         68   trapv.o
         0          0          0          0          0          0   usenofp.o
       544         70        152          0          0        124   atan.o
       156          8          0          0          0        104   cos.o
       252         22         48          0          0        124   cos_i.o
        34          6          0          0          0        204   dunder.o
        40          0          0          0          0         68   fpclassify.o
       170          0          0          0          0         96   poly.o
       114          0          0          0          0         80   roundf.o
       904         76        200          0          0        140   rred.o
       236         12         40          0          0        128   sin_i.o

    ----------------------------------------------------------------------
      7264        510        440          0        100       4548   Library Totals
        28          0          0          0          4          0   (incl. Padding)

    ----------------------------------------------------------------------

      Code (inc. data)   RO Data    RW Data    ZI Data      Debug   Library Name

       380         20          0          0         96        832   c_w.l
      4406        296          0          0          0       2648   fz_ws.l
      2450        194        440          0          0       1068   m_ws.l

    ----------------------------------------------------------------------
      7264        510        440          0        100       4548   Library Totals

    ----------------------------------------------------------------------

==============================================================================


      Code (inc. data)   RO Data    RW Data    ZI Data      Debug   

     18840       1594        784        264       2192     553545   Grand Totals
     18840       1594        784        264       2192     553545   ELF Image Totals
     18840       1594        784        264          0          0   ROM Totals

==============================================================================

    Total RO  Size (Code + RO Data)                19624 (  19.16kB)
    Total RW  Size (RW Data + ZI Data)              2456 (   2.40kB)
    Total ROM Size (Code + RO Data + RW Data)      19888 (  19.42kB)

==============================================================================

